Component: ARM Compiler 5.05 update 1 (build 106) Tool: armlink [4d0efa]

==============================================================================

Section Cross References

    main.o(.text) refers to usart.o(.text) for Set_Wled_Frequency
    main.o(.text) refers to led.o(.text) for Set_Led
    main.o(.text) refers to stm32f10x_gpio.o(.text) for GPIO_ReadInputDataBit
    main.o(.text) refers to delay.o(.text) for delay_init
    main.o(.text) refers to misc.o(.text) for NVIC_PriorityGroupConfig
    main.o(.text) refers to timer.o(.text) for TIM2_HEATPWM_Init
    main.o(.text) refers to adc.o(.text) for Adc_Init
    main.o(.text) refers to key.o(.text) for KEY_Init
    main.o(.text) refers to usart.o(.data) for g_system_mode
    main.o(.text) refers to main.o(.data) for press_time
    system_stm32f10x.o(.text) refers to system_stm32f10x.o(.data) for SystemCoreClock
    led.o(.text) refers to stm32f10x_rcc.o(.text) for RCC_APB2PeriphClockCmd
    led.o(.text) refers to stm32f10x_gpio.o(.text) for GPIO_Init
    key.o(.text) refers to stm32f10x_rcc.o(.text) for RCC_APB2PeriphClockCmd
    key.o(.text) refers to stm32f10x_gpio.o(.text) for GPIO_Init
    timer.o(.text) refers to stm32f10x_tim.o(.text) for TIM_SetCompare2
    timer.o(.text) refers to stm32f10x_rcc.o(.text) for RCC_APB1PeriphClockCmd
    timer.o(.text) refers to stm32f10x_gpio.o(.text) for GPIO_Init
    timer.o(.text) refers to misc.o(.text) for NVIC_Init
    timer.o(.text) refers to adc.o(.text) for Get_Tempture
    timer.o(.text) refers to timer.o(.data) for delay_time
    timer.o(.text) refers to usart.o(.data) for g_realtime_temp
    adc.o(.text) refers to stm32f10x_rcc.o(.text) for RCC_APB2PeriphClockCmd
    adc.o(.text) refers to stm32f10x_gpio.o(.text) for GPIO_Init
    adc.o(.text) refers to stm32f10x_adc.o(.text) for ADC_DeInit
    adc.o(.text) refers to delay.o(.text) for delay_ms
    adc.o(.text) refers to fflt_clz.o(x$fpl$ffltu) for __aeabi_ui2f
    adc.o(.text) refers to f2d.o(x$fpl$f2d) for __aeabi_f2d
    adc.o(.text) refers to dmul.o(x$fpl$dmul) for __aeabi_dmul
    adc.o(.text) refers to d2f.o(x$fpl$d2f) for __aeabi_d2f
    adc.o(.text) refers to fdiv.o(x$fpl$fdiv) for __aeabi_fdiv
    adc.o(.text) refers to fmul.o(x$fpl$fmul) for __aeabi_fmul
    adc.o(.text) refers to daddsub_clz.o(x$fpl$dsub) for __aeabi_dsub
    adc.o(.text) refers to ffix.o(x$fpl$ffix) for __aeabi_f2iz
    stmflash.o(.text) refers to stm32f10x_flash.o(.text) for FLASH_ProgramHalfWord
    stmflash.o(.text) refers to stmflash.o(.bss) for STMFLASH_BUF
    delay.o(.text) refers to misc.o(.text) for SysTick_CLKSourceConfig
    delay.o(.text) refers to system_stm32f10x.o(.data) for SystemCoreClock
    delay.o(.text) refers to delay.o(.data) for fac_us
    usart.o(.text) refers (Special) to use_no_semi_2.o(.text) for __use_no_semihosting
    usart.o(.text) refers to stmflash.o(.text) for STMFLASH_Write
    usart.o(.text) refers to usart.o(.data) for g_system_mode
    usart.o(.text) refers to stm32f10x_rcc.o(.text) for RCC_APB2PeriphClockCmd
    usart.o(.text) refers to stm32f10x_gpio.o(.text) for GPIO_Init
    usart.o(.text) refers to misc.o(.text) for NVIC_Init
    usart.o(.text) refers to stm32f10x_usart.o(.text) for USART_Init
    usart.o(.text) refers to stm32f10x_tim.o(.text) for TIM_SetCompare3
    usart.o(.text) refers to rt_memclr_w.o(.text) for __aeabi_memclr4
    usart.o(.text) refers to led.o(.text) for Set_Led
    usart.o(.text) refers to usart.o(.bss) for USART_RX_BUF
    usart.o(.bss) refers (Special) to use_no_semi_2.o(.text) for __use_no_semihosting
    usart.o(.data) refers (Special) to use_no_semi_2.o(.text) for __use_no_semihosting
    startup_stm32f10x_md.o(STACK) refers (Special) to heapauxi.o(.text) for __use_two_region_memory
    startup_stm32f10x_md.o(HEAP) refers (Special) to heapauxi.o(.text) for __use_two_region_memory
    startup_stm32f10x_md.o(RESET) refers (Special) to heapauxi.o(.text) for __use_two_region_memory
    startup_stm32f10x_md.o(RESET) refers to startup_stm32f10x_md.o(STACK) for __initial_sp
    startup_stm32f10x_md.o(RESET) refers to startup_stm32f10x_md.o(.text) for Reset_Handler
    startup_stm32f10x_md.o(RESET) refers to stm32f10x_it.o(.text) for NMI_Handler
    startup_stm32f10x_md.o(RESET) refers to timer.o(.text) for TIM1_UP_IRQHandler
    startup_stm32f10x_md.o(RESET) refers to usart.o(.text) for USART1_IRQHandler
    startup_stm32f10x_md.o(.text) refers (Special) to heapauxi.o(.text) for __use_two_region_memory
    startup_stm32f10x_md.o(.text) refers to system_stm32f10x.o(.text) for SystemInit
    startup_stm32f10x_md.o(.text) refers to __main.o(!!!main) for __main
    startup_stm32f10x_md.o(.text) refers to startup_stm32f10x_md.o(HEAP) for Heap_Mem
    startup_stm32f10x_md.o(.text) refers to startup_stm32f10x_md.o(STACK) for Stack_Mem
    stm32f10x_gpio.o(.text) refers to stm32f10x_rcc.o(.text) for RCC_APB2PeriphResetCmd
[...]
    libinit.o(.ARM.Collect$$libinit$$00000000) refers (Special) to libinit2.o(.ARM.Collect$$libinit$$00000033) for __rt_lib_init_return
    libinit.o(.ARM.Collect$$libinit$$00000000) refers (Special) to libinit2.o(.ARM.Collect$$libinit$$0000001D) for __rt_lib_init_signal_1
    libinit.o(.ARM.Collect$$libinit$$00000000) refers (Special) to libinit2.o(.ARM.Collect$$libinit$$00000025) for __rt_lib_init_stdio_1
    libinit.o(.ARM.Collect$$libinit$$00000000) refers (Special) to libinit2.o(.ARM.Collect$$libinit$$0000000C) for __rt_lib_init_user_alloc_1
    libspace.o(.text) refers to libspace.o(.bss) for __libspace_start
    rtexit.o(.ARM.Collect$$rtexit$$00000000) refers (Special) to rtexit2.o(.ARM.Collect$$rtexit$$00000004) for __rt_exit_exit
    rtexit.o(.ARM.Collect$$rtexit$$00000000) refers (Special) to rtexit2.o(.ARM.Collect$$rtexit$$00000003) for __rt_exit_ls
    rtexit.o(.ARM.Collect$$rtexit$$00000000) refers (Special) to rtexit2.o(.ARM.Collect$$rtexit$$00000002) for __rt_exit_prels_1
    rtexit.o(.ARM.exidx) refers (Special) to rtexit2.o(.ARM.Collect$$rtexit$$00000004) for __rt_exit_exit
    rtexit.o(.ARM.exidx) refers (Special) to rtexit2.o(.ARM.Collect$$rtexit$$00000003) for __rt_exit_ls
    rtexit.o(.ARM.exidx) refers (Special) to rtexit2.o(.ARM.Collect$$rtexit$$00000002) for __rt_exit_prels_1
    rtexit.o(.ARM.exidx) refers to rtexit.o(.ARM.Collect$$rtexit$$00000000) for .ARM.Collect$$rtexit$$00000000
    libinit2.o(.ARM.Collect$$libinit$$00000010) refers to libinit2.o(.ARM.Collect$$libinit$$0000000F) for .ARM.Collect$$libinit$$0000000F
    libinit2.o(.ARM.Collect$$libinit$$00000012) refers to libinit2.o(.ARM.Collect$$libinit$$0000000F) for .ARM.Collect$$libinit$$0000000F
    libinit2.o(.ARM.Collect$$libinit$$00000014) refers to libinit2.o(.ARM.Collect$$libinit$$0000000F) for .ARM.Collect$$libinit$$0000000F
    libinit2.o(.ARM.Collect$$libinit$$00000016) refers to libinit2.o(.ARM.Collect$$libinit$$0000000F) for .ARM.Collect$$libinit$$0000000F
    libinit2.o(.ARM.Collect$$libinit$$00000018) refers to libinit2.o(.ARM.Collect$$libinit$$0000000F) for .ARM.Collect$$libinit$$0000000F
    libinit2.o(.ARM.Collect$$libinit$$00000026) refers to argv_veneer.o(.emb_text) for __ARM_argv_veneer
    libinit2.o(.ARM.Collect$$libinit$$00000027) refers to argv_veneer.o(.emb_text) for __ARM_argv_veneer
    rtexit2.o(.ARM.Collect$$rtexit$$00000003) refers to libshutdown.o(.ARM.Collect$$libshutdown$$00000000) for __rt_lib_shutdown
    rtexit2.o(.ARM.Collect$$rtexit$$00000004) refers to usart.o(.text) for _sys_exit
    rtexit2.o(.ARM.exidx) refers to rtexit2.o(.ARM.Collect$$rtexit$$00000001) for .ARM.Collect$$rtexit$$00000001
    rtexit2.o(.ARM.exidx) refers to rtexit2.o(.ARM.Collect$$rtexit$$00000003) for .ARM.Collect$$rtexit$$00000003
    rtexit2.o(.ARM.exidx) refers to rtexit2.o(.ARM.Collect$$rtexit$$00000004) for .ARM.Collect$$rtexit$$00000004
    argv_veneer.o(.emb_text) refers to no_argv.o(.text) for __ARM_get_argv
    _get_argv_nomalloc.o(.text) refers (Special) to hrguard.o(.text) for __heap_region$guard
    _get_argv_nomalloc.o(.text) refers to defsig_rtmem_outer.o(.text) for __rt_SIGRTMEM
    _get_argv_nomalloc.o(.text) refers to sys_command.o(.text) for _sys_command_string
    libshutdown.o(.ARM.Collect$$libshutdown$$00000000) refers (Special) to libshutdown2.o(.ARM.Collect$$libshutdown$$00000006) for __rt_lib_shutdown_fp_trap_1
    libshutdown.o(.ARM.Collect$$libshutdown$$00000000) refers (Special) to libshutdown2.o(.ARM.Collect$$libshutdown$$0000000E) for __rt_lib_shutdown_heap_1
    libshutdown.o(.ARM.Collect$$libshutdown$$00000000) refers (Special) to libshutdown2.o(.ARM.Collect$$libshutdown$$0000000F) for __rt_lib_shutdown_return
    libshutdown.o(.ARM.Collect$$libshutdown$$00000000) refers (Special) to libshutdown2.o(.ARM.Collect$$libshutdown$$00000009) for __rt_lib_shutdown_signal_1
    libshutdown.o(.ARM.Collect$$libshutdown$$00000000) refers (Special) to libshutdown2.o(.ARM.Collect$$libshutdown$$00000003) for __rt_lib_shutdown_stdio_1
    libshutdown.o(.ARM.Collect$$libshutdown$$00000000) refers (Special) to libshutdown2.o(.ARM.Collect$$libshutdown$$0000000B) for __rt_lib_shutdown_user_alloc_1
    sys_command.o(.text) refers (Special) to use_no_semi.o(.text) for __I$use$semihosting
    sys_command.o(.text) refers (Special) to indicate_semi.o(.text) for __semihosting_library_function
    defsig_rtmem_outer.o(.text) refers to defsig_rtmem_inner.o(.text) for __rt_SIGRTMEM_inner
    defsig_rtmem_outer.o(.text) refers to defsig_exit.o(.text) for __sig_exit
    defsig_rtmem_formal.o(.text) refers to rt_raise.o(.text) for __rt_raise
    rt_raise.o(.text) refers to __raise.o(.text) for __raise
    rt_raise.o(.text) refers to usart.o(.text) for _sys_exit
    defsig_exit.o(.text) refers to usart.o(.text) for _sys_exit
    defsig_rtmem_inner.o(.text) refers to defsig_general.o(.text) for __default_signal_display
    __raise.o(.text) refers to defsig.o(CL$$defsig) for __default_signal_handler
    defsig_general.o(.text) refers to sys_wrch.o(.text) for _ttywrch
    sys_wrch.o(.text) refers (Special) to use_no_semi.o(.text) for __I$use$semihosting
    sys_wrch.o(.text) refers (Special) to indicate_semi.o(.text) for __semihosting_library_function
    defsig.o(CL$$defsig) refers to defsig_rtmem_inner.o(.text) for __rt_SIGRTMEM_inner
    defsig_abrt_inner.o(.text) refers to defsig_general.o(.text) for __default_signal_display
    defsig_fpe_inner.o(.text) refers to defsig_general.o(.text) for __default_signal_display
    defsig_rtred_inner.o(.text) refers to defsig_general.o(.text) for __default_signal_display
    defsig_stak_inner.o(.text) refers to defsig_general.o(.text) for __default_signal_display
    defsig_pvfn_inner.o(.text) refers to defsig_general.o(.text) for __default_signal_display
    defsig_cppl_inner.o(.text) refers to defsig_general.o(.text) for __default_signal_display
    defsig_segv_inner.o(.text) refers to defsig_general.o(.text) for __default_signal_display
    defsig_other.o(.text) refers to defsig_general.o(.text) for __default_signal_display


==============================================================================

Removing Unused input sections from the image.

    Removing sys.o(.emb_text), (6 bytes).
    Removing sys.o(.text), (12 bytes).
    Removing core_cm3.o(.emb_text), (32 bytes).

3 unused section(s) (total 50 bytes) removed from the image.

==============================================================================

Image Symbol Table

    Local Symbols

    Symbol Name                              Value     Ov Type        Size  Object(Section)

    ../clib/angel/boardlib.s                 0x00000000   Number         0  boardinit1.o ABSOLUTE
    ../clib/angel/boardlib.s                 0x00000000   Number         0  boardshut.o ABSOLUTE
    ../clib/angel/boardlib.s                 0x00000000   Number         0  boardinit3.o ABSOLUTE
    ../clib/angel/boardlib.s                 0x00000000   Number         0  boardinit2.o ABSOLUTE
    ../clib/angel/handlers.s                 0x00000000   Number         0  __scatter_zi.o ABSOLUTE
    ../clib/angel/handlers.s                 0x00000000   Number         0  __scatter_copy.o ABSOLUTE
    ../clib/angel/kernel.s                   0x00000000   Number         0  __rtentry.o ABSOLUTE
    ../clib/angel/kernel.s                   0x00000000   Number         0  rtexit.o ABSOLUTE
    ../clib/angel/kernel.s                   0x00000000   Number         0  __rtentry4.o ABSOLUTE
    ../clib/angel/kernel.s                   0x00000000   Number         0  rtexit2.o ABSOLUTE
    ../clib/angel/kernel.s                   0x00000000   Number         0  __rtentry2.o ABSOLUTE
    ../clib/angel/rt.s                       0x00000000   Number         0  rt_raise.o ABSOLUTE
    ../clib/angel/scatter.s                  0x00000000   Number         0  __scatter.o ABSOLUTE
    ../clib/angel/startup.s                  0x00000000   Number         0  __main.o ABSOLUTE
    ../clib/angel/sys.s                      0x00000000   Number         0  use_no_semi.o ABSOLUTE
    ../clib/angel/sys.s                      0x00000000   Number         0  libspace.o ABSOLUTE
    ../clib/angel/sys.s                      0x00000000   Number         0  sys_stackheap_outer.o ABSOLUTE
    ../clib/angel/sys.s                      0x00000000   Number         0  indicate_semi.o ABSOLUTE
    ../clib/angel/sys.s                      0x00000000   Number         0  use_no_semi_2.o ABSOLUTE
    ../clib/angel/sysapp.c                   0x00000000   Number         0  sys_wrch.o ABSOLUTE
    ../clib/angel/sysapp.c                   0x00000000   Number         0  sys_command.o ABSOLUTE
    ../clib/armsys.c                         0x00000000   Number         0  argv_veneer.o ABSOLUTE
    ../clib/armsys.c                         0x00000000   Number         0  argv_veneer.o ABSOLUTE
    ../clib/armsys.c                         0x00000000   Number         0  _get_argv_nomalloc.o ABSOLUTE
    ../clib/armsys.c                         0x00000000   Number         0  no_argv.o ABSOLUTE
    ../clib/heapalloc.c                      0x00000000   Number         0  hrguard.o ABSOLUTE
    ../clib/heapaux.c                        0x00000000   Number         0  heapauxi.o ABSOLUTE
    ../clib/libinit.s                        0x00000000   Number         0  libinit2.o ABSOLUTE
    ../clib/libinit.s                        0x00000000   Number         0  libinit.o ABSOLUTE
    ../clib/libinit.s                        0x00000000   Number         0  libshutdown.o ABSOLUTE
    ../clib/libinit.s                        0x00000000   Number         0  libshutdown2.o ABSOLUTE
    ../clib/memcpset.s                       0x00000000   Number         0  rt_memclr_w.o ABSOLUTE
    ../clib/signal.c                         0x00000000   Number         0  defsig_rtred_inner.o ABSOLUTE
    ../clib/signal.c                         0x00000000   Number         0  defsig_stak_inner.o ABSOLUTE
    ../clib/signal.c                         0x00000000   Number         0  defsig_general.o ABSOLUTE
    ../clib/signal.c                         0x00000000   Number         0  defsig_rtmem_formal.o ABSOLUTE
    ../clib/signal.c                         0x00000000   Number         0  defsig_rtmem_outer.o ABSOLUTE
    ../clib/signal.c                         0x00000000   Number         0  defsig_exit.o ABSOLUTE
    ../clib/signal.c                         0x00000000   Number         0  defsig_rtmem_inner.o ABSOLUTE
    ../clib/signal.c                         0x00000000   Number         0  __raise.o ABSOLUTE
    ../clib/signal.c                         0x00000000   Number         0  defsig_abrt_inner.o ABSOLUTE
    ../clib/signal.c                         0x00000000   Number         0  defsig_fpe_inner.o ABSOLUTE
    ../clib/signal.c                         0x00000000   Number         0  defsig_pvfn_inner.o ABSOLUTE
    ../clib/signal.c                         0x00000000   Number         0  defsig_cppl_inner.o ABSOLUTE
    ../clib/signal.c                         0x00000000   Number         0  defsig_segv_inner.o ABSOLUTE
    ../clib/signal.c                         0x00000000   Number         0  defsig_other.o ABSOLUTE
    ../clib/signal.s                         0x00000000   Number         0  defsig.o ABSOLUTE
    ../clib/stdlib.c                         0x00000000   Number         0  exit.o ABSOLUTE
    ../fplib/d2f.s                           0x00000000   Number         0  d2f.o ABSOLUTE
    ../fplib/daddsub.s                       0x00000000   Number         0  daddsub_clz.o ABSOLUTE
    ../fplib/dmul.s                          0x00000000   Number         0  dmul.o ABSOLUTE
    ../fplib/dnaninf.s                       0x00000000   Number         0  dnaninf.o ABSOLUTE
    ../fplib/dretinf.s                       0x00000000   Number         0  dretinf.o ABSOLUTE
    ../fplib/f2d.s                           0x00000000   Number         0  f2d.o ABSOLUTE
    ../fplib/fdiv.s                          0x00000000   Number         0  fdiv.o ABSOLUTE
    ../fplib/ffix.s                          0x00000000   Number         0  ffix.o ABSOLUTE
    ../fplib/fflt.s                          0x00000000   Number         0  fflt_clz.o ABSOLUTE
    ../fplib/fmul.s                          0x00000000   Number         0  fmul.o ABSOLUTE
    ../fplib/fnaninf.s                       0x00000000   Number         0  fnaninf.o ABSOLUTE
    ../fplib/fpinit.s                        0x00000000   Number         0  fpinit.o ABSOLUTE
    ../fplib/fretinf.s                       0x00000000   Number         0  fretinf.o ABSOLUTE
    ../fplib/usenofp.s                       0x00000000   Number         0  usenofp.o ABSOLUTE
    ..\CORE\core_cm3.c                       0x00000000   Number         0  core_cm3.o ABSOLUTE
    ..\CORE\startup_stm32f10x_md.s           0x00000000   Number         0  startup_stm32f10x_md.o ABSOLUTE
    ..\HARDWARE\ADC\adc.c                    0x00000000   Number         0  adc.o ABSOLUTE
    ..\HARDWARE\KEY\key.c                    0x00000000   Number         0  key.o ABSOLUTE
    ..\HARDWARE\LED\led.c                    0x00000000   Number         0  led.o ABSOLUTE
    ..\HARDWARE\STMFLASH\stmflash.c          0x00000000   Number         0  stmflash.o ABSOLUTE
    ..\HARDWARE\TIMER\timer.c                0x00000000   Number         0  timer.o ABSOLUTE
    ..\STM32F10x_FWLib\src\misc.c            0x00000000   Number         0  misc.o ABSOLUTE
    ..\STM32F10x_FWLib\src\stm32f10x_adc.c   0x00000000   Number         0  stm32f10x_adc.o ABSOLUTE
    ..\STM32F10x_FWLib\src\stm32f10x_flash.c 0x00000000   Number         0  stm32f10x_flash.o ABSOLUTE
    ..\STM32F10x_FWLib\src\stm32f10x_gpio.c  0x00000000   Number         0  stm32f10x_gpio.o ABSOLUTE
    ..\STM32F10x_FWLib\src\stm32f10x_rcc.c   0x00000000   Number         0  stm32f10x_rcc.o ABSOLUTE
    ..\STM32F10x_FWLib\src\stm32f10x_tim.c   0x00000000   Number         0  stm32f10x_tim.o ABSOLUTE
    ..\STM32F10x_FWLib\src\stm32f10x_usart.c 0x00000000   Number         0  stm32f10x_usart.o ABSOLUTE
    ..\SYSTEM\delay\delay.c                  0x00000000   Number         0  delay.o ABSOLUTE
    ..\SYSTEM\sys\sys.c                      0x00000000   Number         0  sys.o ABSOLUTE
    ..\SYSTEM\usart\usart.c                  0x00000000   Number         0  usart.o ABSOLUTE
    ..\\CORE\\core_cm3.c                     0x00000000   Number         0  core_cm3.o ABSOLUTE
    ..\\SYSTEM\\sys\\sys.c                   0x00000000   Number         0  sys.o ABSOLUTE
    dc.s                                     0x00000000   Number         0  dc.o ABSOLUTE
    main.c                                   0x00000000   Number         0  main.o ABSOLUTE
    stm32f10x_it.c                           0x00000000   Number         0  stm32f10x_it.o ABSOLUTE
    system_stm32f10x.c                       0x00000000   Number         0  system_stm32f10x.o ABSOLUTE
    RESET                                    0x08000000   Section      236  startup_stm32f10x_md.o(RESET)
    !!!main                                  0x080000ec   Section        8  __main.o(!!!main)
    !!!scatter                               0x080000f4   Section       52  __scatter.o(!!!scatter)
    !!handler_copy                           0x08000128   Section       26  __scatter_copy.o(!!handler_copy)
    !!handler_zi                             0x08000144   Section       28  __scatter_zi.o(!!handler_zi)
    .ARM.Collect$$libinit$$00000000          0x08000160   Section        2  libinit.o(.ARM.Collect$$libinit$$00000000)
    .ARM.Collect$$libinit$$00000002          0x08000162   Section        0  libinit2.o(.ARM.Collect$$libinit$$00000002)
    .ARM.Collect$$libinit$$00000004          0x08000162   Section        0  libinit2.o(.ARM.Collect$$libinit$$00000004)
    .ARM.Collect$$libinit$$0000000A          0x08000162   Section        0  libinit2.o(.ARM.Collect$$libinit$$0000000A)
    .ARM.Collect$$libinit$$0000000C          0x08000162   Section        0  libinit2.o(.ARM.Collect$$libinit$$0000000C)
    .ARM.Collect$$libinit$$0000000E          0x08000162   Section        0  libinit2.o(.ARM.Collect$$libinit$$0000000E)
    .ARM.Collect$$libinit$$00000011          0x08000162   Section        0  libinit2.o(.ARM.Collect$$libinit$$00000011)
    .ARM.Collect$$libinit$$00000013          0x08000162   Section        0  libinit2.o(.ARM.Collect$$libinit$$00000013)
    .ARM.Collect$$libinit$$00000015          0x08000162   Section        0  libinit2.o(.ARM.Collect$$libinit$$00000015)
    .ARM.Collect$$libinit$$00000017          0x08000162   Section        0  libinit2.o(.ARM.Collect$$libinit$$00000017)
    .ARM.Collect$$libinit$$00000019          0x08000162   Section        0  libinit2.o(.ARM.Collect$$libinit$$00000019)
    .ARM.Collect$$libinit$$0000001B          0x08000162   Section        0  libinit2.o(.ARM.Collect$$libinit$$0000001B)
    .ARM.Collect$$libinit$$0000001D          0x08000162   Section        0  libinit2.o(.ARM.Collect$$libinit$$0000001D)
    .ARM.Collect$$libinit$$0000001F          0x08000162   Section        0  libinit2.o(.ARM.Collect$$libinit$$0000001F)
    .ARM.Collect$$libinit$$00000021          0x08000162   Section        0  libinit2.o(.ARM.Collect$$libinit$$00000021)
    .ARM.Collect$$libinit$$00000023          0x08000162   Section        0  libinit2.o(.ARM.Collect$$libinit$$00000023)
    .ARM.Collect$$libinit$$00000025          0x08000162   Section        0  libinit2.o(.ARM.Collect$$libinit$$00000025)
    .ARM.Collect$$libinit$$0000002C          0x08000162   Section        0  libinit2.o(.ARM.Collect$$libinit$$0000002C)
    .ARM.Collect$$libinit$$0000002E          0x08000162   Section        0  libinit2.o(.ARM.Collect$$libinit$$0000002E)
    .ARM.Collect$$libinit$$00000030          0x08000162   Section        0  libinit2.o(.ARM.Collect$$libinit$$00000030)
    .ARM.Collect$$libinit$$00000032          0x08000162   Section        0  libinit2.o(.ARM.Collect$$libinit$$00000032)
    .ARM.Collect$$libinit$$00000033          0x08000162   Section        2  libinit2.o(.ARM.Collect$$libinit$$00000033)
    .ARM.Collect$$libshutdown$$00000000      0x08000164   Section        2  libshutdown.o(.ARM.Collect$$libshutdown$$00000000)
    .ARM.Collect$$libshutdown$$00000003      0x08000166   Section        0  libshutdown2.o(.ARM.Collect$$libshutdown$$00000003)
    .ARM.Collect$$libshutdown$$00000006      0x08000166   Section        0  libshutdown2.o(.ARM.Collect$$libshutdown$$00000006)
    .ARM.Collect$$libshutdown$$00000009      0x08000166   Section        0  libshutdown2.o(.ARM.Collect$$libshutdown$$00000009)
    .ARM.Collect$$libshutdown$$0000000B      0x08000166   Section        0  libshutdown2.o(.ARM.Collect$$libshutdown$$0000000B)
    .ARM.Collect$$libshutdown$$0000000E      0x08000166   Section        0  libshutdown2.o(.ARM.Collect$$libshutdown$$0000000E)
    .ARM.Collect$$libshutdown$$0000000F      0x08000166   Section        2  libshutdown2.o(.ARM.Collect$$libshutdown$$0000000F)
    .ARM.Collect$$rtentry$$00000000          0x08000168   Section        0  __rtentry.o(.ARM.Collect$$rtentry$$00000000)
    .ARM.Collect$$rtentry$$00000002          0x08000168   Section        0  __rtentry2.o(.ARM.Collect$$rtentry$$00000002)
    .ARM.Collect$$rtentry$$00000004          0x08000168   Section        6  __rtentry4.o(.ARM.Collect$$rtentry$$00000004)
    .ARM.Collect$$rtentry$$00000009          0x0800016e   Section        0  __rtentry2.o(.ARM.Collect$$rtentry$$00000009)
    .ARM.Collect$$rtentry$$0000000A          0x0800016e   Section        4  __rtentry2.o(.ARM.Collect$$rtentry$$0000000A)
    .ARM.Collect$$rtentry$$0000000C          0x08000172   Section        0  __rtentry2.o(.ARM.Collect$$rtentry$$0000000C)
    .ARM.Collect$$rtentry$$0000000D          0x08000172   Section        8  __rtentry2.o(.ARM.Collect$$rtentry$$0000000D)
    .ARM.Collect$$rtexit$$00000000           0x0800017a   Section        2  rtexit.o(.ARM.Collect$$rtexit$$00000000)
    .ARM.Collect$$rtexit$$00000002           0x0800017c   Section        0  rtexit2.o(.ARM.Collect$$rtexit$$00000002)
    .ARM.Collect$$rtexit$$00000003           0x0800017c   Section        4  rtexit2.o(.ARM.Collect$$rtexit$$00000003)
    .ARM.Collect$$rtexit$$00000004           0x08000180   Section        6  rtexit2.o(.ARM.Collect$$rtexit$$00000004)
    .text                                    0x08000188   Section        0  main.o(.text)
    Refresh_Board_Status                     0x08000189   Thumb Code    68  main.o(.text)
    Refresh_Bright_Scale                     0x080001cd   Thumb Code   310  main.o(.text)
    .text                                    0x08000470   Section        0  stm32f10x_it.o(.text)
    .text                                    0x0800048c   Section        0  system_stm32f10x.o(.text)
    SetSysClockTo72                          0x0800048d   Thumb Code   214  system_stm32f10x.o(.text)
    SetSysClock                              0x08000563   Thumb Code     8  system_stm32f10x.o(.text)
    .text                                    0x0800066c   Section        0  led.o(.text)
    .text                                    0x080006b0   Section        0  key.o(.text)
    .text                                    0x080006dc   Section        0  timer.o(.text)
    .text                                    0x08000a44   Section        0  adc.o(.text)
    .text                                    0x08000bc4   Section        0  stmflash.o(.text)
    .text                                    0x08000cfc   Section        0  delay.o(.text)
    .text                                    0x08000dd0   Section        0  usart.o(.text)
    Write_System_Mode                        0x08000def   Thumb Code    20  usart.o(.text)
    Write_Light_Config                       0x08000e03   Thumb Code    80  usart.o(.text)
    Write_Night_Config                       0x08000e53   Thumb Code   196  usart.o(.text)
    Write_Heating_Config                     0x08000f17   Thumb Code    68  usart.o(.text)
    check_receive_data                       0x0800152f   Thumb Code    38  usart.o(.text)
    Disable_Wled_Pwm                         0x080015ef   Thumb Code    12  usart.o(.text)
    Disable_Rgbled_Pwm                       0x080016e1   Thumb Code    28  usart.o(.text)
    .text                                    0x080020fc   Section       64  startup_stm32f10x_md.o(.text)
    .text                                    0x0800213c   Section        0  misc.o(.text)
    .text                                    0x08002218   Section        0  stm32f10x_gpio.o(.text)
    .text                                    0x08002574   Section        0  stm32f10x_rcc.o(.text)
    .text                                    0x08002918   Section        0  stm32f10x_tim.o(.text)
    TI4_Config                               0x08002dbf   Thumb Code   130  stm32f10x_tim.o(.text)
    TI3_Config                               0x08002e53   Thumb Code   122  stm32f10x_tim.o(.text)
    TI2_Config                               0x08002ee7   Thumb Code   130  stm32f10x_tim.o(.text)
    TI1_Config                               0x08002f7b   Thumb Code   108  stm32f10x_tim.o(.text)
    .text                                    0x08003734   Section        0  stm32f10x_usart.o(.text)
    .text                                    0x08003b3c   Section        0  stm32f10x_adc.o(.text)
    .text                                    0x08003f8c   Section        0  stm32f10x_flash.o(.text)
    .text                                    0x08004548   Section        2  use_no_semi_2.o(.text)
    .text                                    0x0800454a   Section       78  rt_memclr_w.o(.text)
    .text                                    0x08004598   Section        0  heapauxi.o(.text)
    .text                                    0x0800459e   Section        2  use_no_semi.o(.text)
    .text                                    0x080045a0   Section       74  sys_stackheap_outer.o(.text)
    .text                                    0x080045ea   Section        0  exit.o(.text)
    .text                                    0x080045f8   Section        8  libspace.o(.text)
    x$fpl$d2f                                0x08004600   Section       98  d2f.o(x$fpl$d2f)
    x$fpl$dadd                               0x08004664   Section      336  daddsub_clz.o(x$fpl$dadd)
    _dadd1                                   0x08004675   Thumb Code     0  daddsub_clz.o(x$fpl$dadd)
    x$fpl$dmul                               0x080047b4   Section      340  dmul.o(x$fpl$dmul)
    x$fpl$dnaninf                            0x08004908   Section      156  dnaninf.o(x$fpl$dnaninf)
    x$fpl$dretinf                            0x080049a4   Section       12  dretinf.o(x$fpl$dretinf)
    x$fpl$dsub                               0x080049b0   Section      468  daddsub_clz.o(x$fpl$dsub)
    _dsub1                                   0x080049c1   Thumb Code     0  daddsub_clz.o(x$fpl$dsub)
    x$fpl$f2d                                0x08004b84   Section       86  f2d.o(x$fpl$f2d)
    x$fpl$fdiv                               0x08004bdc   Section      388  fdiv.o(x$fpl$fdiv)
    _fdiv1                                   0x08004bdd   Thumb Code     0  fdiv.o(x$fpl$fdiv)
    x$fpl$ffix                               0x08004d60   Section       54  ffix.o(x$fpl$ffix)
    x$fpl$ffltu                              0x08004d98   Section       38  fflt_clz.o(x$fpl$ffltu)
    x$fpl$fmul                               0x08004dc0   Section      258  fmul.o(x$fpl$fmul)
    x$fpl$fnaninf                            0x08004ec2   Section      140  fnaninf.o(x$fpl$fnaninf)
    x$fpl$fretinf                            0x08004f4e   Section       10  fretinf.o(x$fpl$fretinf)
    x$fpl$usenofp                            0x08004f58   Section        0  usenofp.o(x$fpl$usenofp)
    .data                                    0x20000000   Section        4  main.o(.data)
    press_time                               0x20000000   Data           2  main.o(.data)
    press_time                               0x20000002   Data           2  main.o(.data)
    .data                                    0x20000004   Section       20  system_stm32f10x.o(.data)
    .data                                    0x20000018   Section        1  timer.o(.data)
    delay_time                               0x20000018   Data           1  timer.o(.data)
    .data                                    0x2000001a   Section        4  delay.o(.data)
    fac_us                                   0x2000001a   Data           1  delay.o(.data)
    fac_ms                                   0x2000001c   Data           2  delay.o(.data)
    .data                                    0x20000020   Section       64  usart.o(.data)
    .data                                    0x20000060   Section       20  stm32f10x_rcc.o(.data)
    APBAHBPrescTable                         0x20000060   Data          16  stm32f10x_rcc.o(.data)
    ADCPrescTable                            0x20000070   Data           4  stm32f10x_rcc.o(.data)
    .bss                                     0x20000074   Section     2048  stmflash.o(.bss)
    .bss                                     0x20000874   Section      256  usart.o(.bss)
    .bss                                     0x20000974   Section       96  libspace.o(.bss)
    HEAP                                     0x200009d8   Section      512  startup_stm32f10x_md.o(HEAP)
    Heap_Mem                                 0x200009d8   Data         512  startup_stm32f10x_md.o(HEAP)
    STACK                                    0x20000bd8   Section     1024  startup_stm32f10x_md.o(STACK)
    Stack_Mem                                0x20000bd8   Data        1024  startup_stm32f10x_md.o(STACK)
    __initial_sp                             0x20000fd8   Data           0  startup_stm32f10x_md.o(STACK)

    Global Symbols

    Symbol Name                              Value     Ov Type        Size  Object(Section)

    BuildAttributes$$THM_ISAv4$P$D$K$B$S$PE$A:L22UL41UL21$X:L11$S22US41US21$IEEE1$IW$USESV6$~STKCKD$USESV7$~SHL$OSPACE$ROPI$EBA8$UX$STANDARDLIB$REQ8$PRES8$EABIv2 0x00000000   Number         0  anon$$obj.o ABSOLUTE
    __ARM_use_no_argv                        0x00000000   Number         0  main.o ABSOLUTE
    __ARM_exceptions_init                     - Undefined Weak Reference
    __alloca_initialize                       - Undefined Weak Reference
    __arm_preinit_                            - Undefined Weak Reference
    __cpp_initialize__aeabi_                  - Undefined Weak Reference
    __cxa_finalize                            - Undefined Weak Reference
    __rt_locale                               - Undefined Weak Reference
    __sigvec_lookup                           - Undefined Weak Reference
    _atexit_init                              - Undefined Weak Reference
    _call_atexit_fns                          - Undefined Weak Reference
    _clock_init                               - Undefined Weak Reference
    _fp_trap_init                             - Undefined Weak Reference
    _fp_trap_shutdown                         - Undefined Weak Reference
    _get_lc_collate                           - Undefined Weak Reference
    _get_lc_ctype                             - Undefined Weak Reference
    _get_lc_monetary                          - Undefined Weak Reference
    _get_lc_numeric                           - Undefined Weak Reference
    _get_lc_time                              - Undefined Weak Reference
    _getenv_init                              - Undefined Weak Reference
    _handle_redirection                       - Undefined Weak Reference
    _init_alloc                               - Undefined Weak Reference
    _init_user_alloc                          - Undefined Weak Reference
    _initio                                   - Undefined Weak Reference
    _rand_init                                - Undefined Weak Reference
    _signal_finish                            - Undefined Weak Reference
    _signal_init                              - Undefined Weak Reference
    _terminate_alloc                          - Undefined Weak Reference
    _terminate_user_alloc                     - Undefined Weak Reference
    _terminateio                              - Undefined Weak Reference
    __Vectors_Size                           0x000000ec   Number         0  startup_stm32f10x_md.o ABSOLUTE
    __Vectors                                0x08000000   Data           4  startup_stm32f10x_md.o(RESET)
    __Vectors_End                            0x080000ec   Data           0  startup_stm32f10x_md.o(RESET)
    __main                                   0x080000ed   Thumb Code     8  __main.o(!!!main)
    __scatterload                            0x080000f5   Thumb Code     0  __scatter.o(!!!scatter)
    __scatterload_rt2                        0x080000f5   Thumb Code    44  __scatter.o(!!!scatter)
    __scatterload_rt2_thumb_only             0x080000f5   Thumb Code     0  __scatter.o(!!!scatter)
    __scatterload_null                       0x08000103   Thumb Code     0  __scatter.o(!!!scatter)
    __scatterload_copy                       0x08000129   Thumb Code    26  __scatter_copy.o(!!handler_copy)
    __scatterload_zeroinit                   0x08000145   Thumb Code    28  __scatter_zi.o(!!handler_zi)
    __rt_lib_init                            0x08000161   Thumb Code     0  libinit.o(.ARM.Collect$$libinit$$00000000)
    __rt_lib_init_alloca_1                   0x08000163   Thumb Code     0  libinit2.o(.ARM.Collect$$libinit$$0000002E)
    __rt_lib_init_argv_1                     0x08000163   Thumb Code     0  libinit2.o(.ARM.Collect$$libinit$$0000002C)
    __rt_lib_init_atexit_1                   0x08000163   Thumb Code     0  libinit2.o(.ARM.Collect$$libinit$$0000001B)
    __rt_lib_init_clock_1                    0x08000163   Thumb Code     0  libinit2.o(.ARM.Collect$$libinit$$00000021)
    __rt_lib_init_cpp_1                      0x08000163   Thumb Code     0  libinit2.o(.ARM.Collect$$libinit$$00000032)
    __rt_lib_init_exceptions_1               0x08000163   Thumb Code     0  libinit2.o(.ARM.Collect$$libinit$$00000030)
    __rt_lib_init_fp_1                       0x08000163   Thumb Code     0  libinit2.o(.ARM.Collect$$libinit$$00000002)
    __rt_lib_init_fp_trap_1                  0x08000163   Thumb Code     0  libinit2.o(.ARM.Collect$$libinit$$0000001F)
    __rt_lib_init_getenv_1                   0x08000163   Thumb Code     0  libinit2.o(.ARM.Collect$$libinit$$00000023)
    __rt_lib_init_heap_1                     0x08000163   Thumb Code     0  libinit2.o(.ARM.Collect$$libinit$$0000000A)
    __rt_lib_init_lc_collate_1               0x08000163   Thumb Code     0  libinit2.o(.ARM.Collect$$libinit$$00000011)
    __rt_lib_init_lc_ctype_1                 0x08000163   Thumb Code     0  libinit2.o(.ARM.Collect$$libinit$$00000013)
    __rt_lib_init_lc_monetary_1              0x08000163   Thumb Code     0  libinit2.o(.ARM.Collect$$libinit$$00000015)
    __rt_lib_init_lc_numeric_1               0x08000163   Thumb Code     0  libinit2.o(.ARM.Collect$$libinit$$00000017)
    __rt_lib_init_lc_time_1                  0x08000163   Thumb Code     0  libinit2.o(.ARM.Collect$$libinit$$00000019)
    __rt_lib_init_preinit_1                  0x08000163   Thumb Code     0  libinit2.o(.ARM.Collect$$libinit$$00000004)
    __rt_lib_init_rand_1                     0x08000163   Thumb Code     0  libinit2.o(.ARM.Collect$$libinit$$0000000E)
    __rt_lib_init_return                     0x08000163   Thumb Code     0  libinit2.o(.ARM.Collect$$libinit$$00000033)
    __rt_lib_init_signal_1                   0x08000163   Thumb Code     0  libinit2.o(.ARM.Collect$$libinit$$0000001D)
    __rt_lib_init_stdio_1                    0x08000163   Thumb Code     0  libinit2.o(.ARM.Collect$$libinit$$00000025)
    __rt_lib_init_user_alloc_1               0x08000163   Thumb Code     0  libinit2.o(.ARM.Collect$$libinit$$0000000C)
    __rt_lib_shutdown                        0x08000165   Thumb Code     0  libshutdown.o(.ARM.Collect$$libshutdown$$00000000)
    __rt_lib_shutdown_fp_trap_1              0x08000167   Thumb Code     0  libshutdown2.o(.ARM.Collect$$libshutdown$$00000006)
    __rt_lib_shutdown_heap_1                 0x08000167   Thumb Code     0  libshutdown2.o(.ARM.Collect$$libshutdown$$0000000E)
    __rt_lib_shutdown_return                 0x08000167   Thumb Code     0  libshutdown2.o(.ARM.Collect$$libshutdown$$0000000F)
    __rt_lib_shutdown_signal_1               0x08000167   Thumb Code     0  libshutdown2.o(.ARM.Collect$$libshutdown$$00000009)
    __rt_lib_shutdown_stdio_1                0x08000167   Thumb Code     0  libshutdown2.o(.ARM.Collect$$libshutdown$$00000003)
    __rt_lib_shutdown_user_alloc_1           0x08000167   Thumb Code     0  libshutdown2.o(.ARM.Collect$$libshutdown$$0000000B)
    __rt_entry                               0x08000169   Thumb Code     0  __rtentry.o(.ARM.Collect$$rtentry$$00000000)
    __rt_entry_presh_1                       0x08000169   Thumb Code     0  __rtentry2.o(.ARM.Collect$$rtentry$$00000002)
    __rt_entry_sh                            0x08000169   Thumb Code     0  __rtentry4.o(.ARM.Collect$$rtentry$$00000004)
    __rt_entry_li                            0x0800016f   Thumb Code     0  __rtentry2.o(.ARM.Collect$$rtentry$$0000000A)
    __rt_entry_postsh_1                      0x0800016f   Thumb Code     0  __rtentry2.o(.ARM.Collect$$rtentry$$00000009)
    __rt_entry_main                          0x08000173   Thumb Code     0  __rtentry2.o(.ARM.Collect$$rtentry$$0000000D)
    __rt_entry_postli_1                      0x08000173   Thumb Code     0  __rtentry2.o(.ARM.Collect$$rtentry$$0000000C)
    __rt_exit                                0x0800017b   Thumb Code     0  rtexit.o(.ARM.Collect$$rtexit$$00000000)
    __rt_exit_ls                             0x0800017d   Thumb Code     0  rtexit2.o(.ARM.Collect$$rtexit$$00000003)
    __rt_exit_prels_1                        0x0800017d   Thumb Code     0  rtexit2.o(.ARM.Collect$$rtexit$$00000002)
    __rt_exit_exit                           0x08000181   Thumb Code     0  rtexit2.o(.ARM.Collect$$rtexit$$00000004)
    Check_DayNight_Button                    0x08000303   Thumb Code    64  main.o(.text)
    Check_Bright_Scale_Button                0x08000343   Thumb Code    44  main.o(.text)
    main                                     0x0800036f   Thumb Code   118  main.o(.text)
    NMI_Handler                              0x08000471   Thumb Code     2  stm32f10x_it.o(.text)
    HardFault_Handler                        0x08000473   Thumb Code     4  stm32f10x_it.o(.text)
    MemManage_Handler                        0x08000477   Thumb Code     4  stm32f10x_it.o(.text)
    BusFault_Handler                         0x0800047b   Thumb Code     4  stm32f10x_it.o(.text)
    UsageFault_Handler                       0x0800047f   Thumb Code     4  stm32f10x_it.o(.text)
    SVC_Handler                              0x08000483   Thumb Code     2  stm32f10x_it.o(.text)
    DebugMon_Handler                         0x08000485   Thumb Code     2  stm32f10x_it.o(.text)
    PendSV_Handler                           0x08000487   Thumb Code     2  stm32f10x_it.o(.text)
    SysTick_Handler                          0x08000489   Thumb Code     2  stm32f10x_it.o(.text)
    SystemInit                               0x0800056b   Thumb Code    78  system_stm32f10x.o(.text)
    SystemCoreClockUpdate                    0x080005b9   Thumb Code   142  system_stm32f10x.o(.text)
    LED_Init                                 0x0800066d   Thumb Code    34  led.o(.text)
    Set_Led                                  0x0800068f   Thumb Code    30  led.o(.text)
    KEY_Init                                 0x080006b1   Thumb Code    40  key.o(.text)
    Set_Heat_Pwm                             0x080006dd   Thumb Code    30  timer.o(.text)
    TIM2_HEATPWM_Init                        0x080006fb   Thumb Code   124  timer.o(.text)
    TIM3_PWM_Init                            0x08000777   Thumb Code   184  timer.o(.text)
    TIM4_PWM_Init                            0x0800082f   Thumb Code   124  timer.o(.text)
    TIM1_Check_Init                          0x080008ab   Thumb Code    78  timer.o(.text)
    TIM1_UP_IRQHandler                       0x080008f9   Thumb Code   272  timer.o(.text)
    Adc_Init                                 0x08000a45   Thumb Code   132  adc.o(.text)
    Get_Adc                                  0x08000ac9   Thumb Code    62  adc.o(.text)
    Get_Adc_Average                          0x08000b07   Thumb Code    62  adc.o(.text)
    Get_Tempture                             0x08000b45   Thumb Code   104  adc.o(.text)
    STMFLASH_ReadHalfWord                    0x08000bc5   Thumb Code     6  stmflash.o(.text)
    STMFLASH_Write_NoCheck                   0x08000bcb   Thumb Code    38  stmflash.o(.text)
    STMFLASH_Read                            0x08000bf1   Thumb Code    34  stmflash.o(.text)
    STMFLASH_Write                           0x08000c13   Thumb Code   180  stmflash.o(.text)
    Write_Config                             0x08000cc7   Thumb Code    18  stmflash.o(.text)
    Read_config                              0x08000cd9   Thumb Code    22  stmflash.o(.text)
    delay_init                               0x08000cfd   Thumb Code    50  delay.o(.text)
    delay_us                                 0x08000d2f   Thumb Code    72  delay.o(.text)
    delay_ms                                 0x08000d77   Thumb Code    72  delay.o(.text)
    _sys_exit                                0x08000dd1   Thumb Code     6  usart.o(.text)
    fputc                                    0x08000dd7   Thumb Code    24  usart.o(.text)
    Get_System_Mode                          0x08000f5b   Thumb Code    30  usart.o(.text)
    Get_Light_Config                         0x08000f79   Thumb Code   256  usart.o(.text)
    Get_Night_Config                         0x08001079   Thumb Code   838  usart.o(.text)
    Get_Heating_Config                       0x080013bf   Thumb Code   216  usart.o(.text)
    uart_init                                0x08001497   Thumb Code   152  usart.o(.text)
    Send_From_Uart1                          0x08001555   Thumb Code   154  usart.o(.text)
    Set_Rgbled_Pwm                           0x080015fb   Thumb Code   190  usart.o(.text)
    Set_Rgbled_Frequency                     0x080016b9   Thumb Code    40  usart.o(.text)
    Set_Wled_Pwm                             0x080016fd   Thumb Code    42  usart.o(.text)
    Set_Wled_Frequency                       0x08001727   Thumb Code    40  usart.o(.text)
    Deal_With_Command                        0x0800174f   Thumb Code  2266  usart.o(.text)
    USART1_IRQHandler                        0x08002029   Thumb Code   182  usart.o(.text)
    Reset_Handler                            0x080020fd   Thumb Code     8  startup_stm32f10x_md.o(.text)
    ADC1_2_IRQHandler                        0x08002117   Thumb Code     0  startup_stm32f10x_md.o(.text)
    CAN1_RX1_IRQHandler                      0x08002117   Thumb Code     0  startup_stm32f10x_md.o(.text)
    CAN1_SCE_IRQHandler                      0x08002117   Thumb Code     0  startup_stm32f10x_md.o(.text)
    DMA1_Channel1_IRQHandler                 0x08002117   Thumb Code     0  startup_stm32f10x_md.o(.text)
    DMA1_Channel2_IRQHandler                 0x08002117   Thumb Code     0  startup_stm32f10x_md.o(.text)
    DMA1_Channel3_IRQHandler                 0x08002117   Thumb Code     0  startup_stm32f10x_md.o(.text)
    DMA1_Channel4_IRQHandler                 0x08002117   Thumb Code     0  startup_stm32f10x_md.o(.text)
    DMA1_Channel5_IRQHandler                 0x08002117   Thumb Code     0  startup_stm32f10x_md.o(.text)
    DMA1_Channel6_IRQHandler                 0x08002117   Thumb Code     0  startup_stm32f10x_md.o(.text)
    DMA1_Channel7_IRQHandler                 0x08002117   Thumb Code     0  startup_stm32f10x_md.o(.text)
    EXTI0_IRQHandler                         0x08002117   Thumb Code     0  startup_stm32f10x_md.o(.text)
    EXTI15_10_IRQHandler                     0x08002117   Thumb Code     0  startup_stm32f10x_md.o(.text)
    EXTI1_IRQHandler                         0x08002117   Thumb Code     0  startup_stm32f10x_md.o(.text)
    EXTI2_IRQHandler                         0x08002117   Thumb Code     0  startup_stm32f10x_md.o(.text)
    EXTI3_IRQHandler                         0x08002117   Thumb Code     0  startup_stm32f10x_md.o(.text)
    EXTI4_IRQHandler                         0x08002117   Thumb Code     0  startup_stm32f10x_md.o(.text)
    EXTI9_5_IRQHandler                       0x08002117   Thumb Code     0  startup_stm32f10x_md.o(.text)
    FLASH_IRQHandler                         0x08002117   Thumb Code     0  startup_stm32f10x_md.o(.text)
    I2C1_ER_IRQHandler                       0x08002117   Thumb Code     0  startup_stm32f10x_md.o(.text)
    I2C1_EV_IRQHandler                       0x08002117   Thumb Code     0  startup_stm32f10x_md.o(.text)
    I2C2_ER_IRQHandler                       0x08002117   Thumb Code     0  startup_stm32f10x_md.o(.text)
    I2C2_EV_IRQHandler                       0x08002117   Thumb Code     0  startup_stm32f10x_md.o(.text)
    PVD_IRQHandler                           0x08002117   Thumb Code     0  startup_stm32f10x_md.o(.text)
    RCC_IRQHandler                           0x08002117   Thumb Code     0  startup_stm32f10x_md.o(.text)
    RTCAlarm_IRQHandler                      0x08002117   Thumb Code     0  startup_stm32f10x_md.o(.text)
    RTC_IRQHandler                           0x08002117   Thumb Code     0  startup_stm32f10x_md.o(.text)
    SPI1_IRQHandler                          0x08002117   Thumb Code     0  startup_stm32f10x_md.o(.text)
    SPI2_IRQHandler                          0x08002117   Thumb Code     0  startup_stm32f10x_md.o(.text)
    TAMPER_IRQHandler                        0x08002117   Thumb Code     0  startup_stm32f10x_md.o(.text)
    TIM1_BRK_IRQHandler                      0x08002117   Thumb Code     0  startup_stm32f10x_md.o(.text)
    TIM1_CC_IRQHandler                       0x08002117   Thumb Code     0  startup_stm32f10x_md.o(.text)
    TIM1_TRG_COM_IRQHandler                  0x08002117   Thumb Code     0  startup_stm32f10x_md.o(.text)
    TIM2_IRQHandler                          0x08002117   Thumb Code     0  startup_stm32f10x_md.o(.text)
    TIM3_IRQHandler                          0x08002117   Thumb Code     0  startup_stm32f10x_md.o(.text)
    TIM4_IRQHandler                          0x08002117   Thumb Code     0  startup_stm32f10x_md.o(.text)
    USART2_IRQHandler                        0x08002117   Thumb Code     0  startup_stm32f10x_md.o(.text)
    USART3_IRQHandler                        0x08002117   Thumb Code     0  startup_stm32f10x_md.o(.text)
    USBWakeUp_IRQHandler                     0x08002117   Thumb Code     0  startup_stm32f10x_md.o(.text)
    USB_HP_CAN1_TX_IRQHandler                0x08002117   Thumb Code     0  startup_stm32f10x_md.o(.text)
    USB_LP_CAN1_RX0_IRQHandler               0x08002117   Thumb Code     0  startup_stm32f10x_md.o(.text)
    WWDG_IRQHandler                          0x08002117   Thumb Code     0  startup_stm32f10x_md.o(.text)
    __user_initial_stackheap                 0x08002119   Thumb Code     0  startup_stm32f10x_md.o(.text)
    NVIC_PriorityGroupConfig                 0x0800213d   Thumb Code    10  misc.o(.text)
    NVIC_Init                                0x08002147   Thumb Code   100  misc.o(.text)
    NVIC_SetVectorTable                      0x080021ab   Thumb Code    14  misc.o(.text)
    NVIC_SystemLPConfig                      0x080021b9   Thumb Code    34  misc.o(.text)
    SysTick_CLKSourceConfig                  0x080021db   Thumb Code    40  misc.o(.text)
    GPIO_DeInit                              0x08002219   Thumb Code   172  stm32f10x_gpio.o(.text)
    GPIO_AFIODeInit                          0x080022c5   Thumb Code    20  stm32f10x_gpio.o(.text)
    GPIO_Init                                0x080022d9   Thumb Code   278  stm32f10x_gpio.o(.text)
    GPIO_StructInit                          0x080023ef   Thumb Code    16  stm32f10x_gpio.o(.text)
    GPIO_ReadInputDataBit                    0x080023ff   Thumb Code    18  stm32f10x_gpio.o(.text)
    GPIO_ReadInputData                       0x08002411   Thumb Code     8  stm32f10x_gpio.o(.text)
    GPIO_ReadOutputDataBit                   0x08002419   Thumb Code    18  stm32f10x_gpio.o(.text)
    GPIO_ReadOutputData                      0x0800242b   Thumb Code     8  stm32f10x_gpio.o(.text)
    GPIO_SetBits                             0x08002433   Thumb Code     4  stm32f10x_gpio.o(.text)
    GPIO_ResetBits                           0x08002437   Thumb Code     4  stm32f10x_gpio.o(.text)
    GPIO_WriteBit                            0x0800243b   Thumb Code    10  stm32f10x_gpio.o(.text)
    GPIO_Write                               0x08002445   Thumb Code     4  stm32f10x_gpio.o(.text)
    GPIO_PinLockConfig                       0x08002449   Thumb Code    18  stm32f10x_gpio.o(.text)
    GPIO_EventOutputConfig                   0x0800245b   Thumb Code    26  stm32f10x_gpio.o(.text)
    GPIO_EventOutputCmd                      0x08002475   Thumb Code     6  stm32f10x_gpio.o(.text)
    GPIO_PinRemapConfig                      0x0800247b   Thumb Code   138  stm32f10x_gpio.o(.text)
    GPIO_EXTILineConfig                      0x08002505   Thumb Code    66  stm32f10x_gpio.o(.text)
    GPIO_ETH_MediaInterfaceConfig            0x08002547   Thumb Code     8  stm32f10x_gpio.o(.text)
    RCC_DeInit                               0x08002575   Thumb Code    64  stm32f10x_rcc.o(.text)
    RCC_HSEConfig                            0x080025b5   Thumb Code    70  stm32f10x_rcc.o(.text)
    RCC_GetFlagStatus                        0x080025fb   Thumb Code    56  stm32f10x_rcc.o(.text)
    RCC_WaitForHSEStartUp                    0x08002633   Thumb Code    56  stm32f10x_rcc.o(.text)
    RCC_AdjustHSICalibrationValue            0x0800266b   Thumb Code    20  stm32f10x_rcc.o(.text)
    RCC_HSICmd                               0x0800267f   Thumb Code     6  stm32f10x_rcc.o(.text)
    RCC_PLLConfig                            0x08002685   Thumb Code    24  stm32f10x_rcc.o(.text)
    RCC_PLLCmd                               0x0800269d   Thumb Code     6  stm32f10x_rcc.o(.text)
    RCC_SYSCLKConfig                         0x080026a3   Thumb Code    18  stm32f10x_rcc.o(.text)
    RCC_GetSYSCLKSource                      0x080026b5   Thumb Code    10  stm32f10x_rcc.o(.text)
    RCC_HCLKConfig                           0x080026bf   Thumb Code    18  stm32f10x_rcc.o(.text)
    RCC_PCLK1Config                          0x080026d1   Thumb Code    18  stm32f10x_rcc.o(.text)
    RCC_PCLK2Config                          0x080026e3   Thumb Code    20  stm32f10x_rcc.o(.text)
    RCC_ITConfig                             0x080026f7   Thumb Code    26  stm32f10x_rcc.o(.text)
    RCC_USBCLKConfig                         0x08002711   Thumb Code     8  stm32f10x_rcc.o(.text)
    RCC_ADCCLKConfig                         0x08002719   Thumb Code    18  stm32f10x_rcc.o(.text)
    RCC_LSEConfig                            0x0800272b   Thumb Code    50  stm32f10x_rcc.o(.text)
    RCC_LSICmd                               0x0800275d   Thumb Code     6  stm32f10x_rcc.o(.text)
    RCC_RTCCLKConfig                         0x08002763   Thumb Code    12  stm32f10x_rcc.o(.text)
    RCC_RTCCLKCmd                            0x0800276f   Thumb Code     8  stm32f10x_rcc.o(.text)
    RCC_GetClocksFreq                        0x08002777   Thumb Code   192  stm32f10x_rcc.o(.text)
    RCC_AHBPeriphClockCmd                    0x08002837   Thumb Code    26  stm32f10x_rcc.o(.text)
    RCC_APB2PeriphClockCmd                   0x08002851   Thumb Code    26  stm32f10x_rcc.o(.text)
    RCC_APB1PeriphClockCmd                   0x0800286b   Thumb Code    26  stm32f10x_rcc.o(.text)
    RCC_APB2PeriphResetCmd                   0x08002885   Thumb Code    26  stm32f10x_rcc.o(.text)
    RCC_APB1PeriphResetCmd                   0x0800289f   Thumb Code    26  stm32f10x_rcc.o(.text)
    RCC_BackupResetCmd                       0x080028b9   Thumb Code     8  stm32f10x_rcc.o(.text)
    RCC_ClockSecuritySystemCmd               0x080028c1   Thumb Code     6  stm32f10x_rcc.o(.text)
    RCC_MCOConfig                            0x080028c7   Thumb Code     6  stm32f10x_rcc.o(.text)
    RCC_ClearFlag                            0x080028cd   Thumb Code    14  stm32f10x_rcc.o(.text)
    RCC_GetITStatus                          0x080028db   Thumb Code    20  stm32f10x_rcc.o(.text)
    RCC_ClearITPendingBit                    0x080028ef   Thumb Code     6  stm32f10x_rcc.o(.text)
    TIM_DeInit                               0x08002919   Thumb Code   424  stm32f10x_tim.o(.text)
    TIM_TimeBaseInit                         0x08002ac1   Thumb Code   122  stm32f10x_tim.o(.text)
    TIM_OC1Init                              0x08002b3b   Thumb Code   132  stm32f10x_tim.o(.text)
    TIM_OC2Init                              0x08002bbf   Thumb Code   154  stm32f10x_tim.o(.text)
    TIM_OC3Init                              0x08002c59   Thumb Code   150  stm32f10x_tim.o(.text)
    TIM_OC4Init                              0x08002cef   Thumb Code   182  stm32f10x_tim.o(.text)
    TIM_SetIC4Prescaler                      0x08002da5   Thumb Code    26  stm32f10x_tim.o(.text)
    TIM_SetIC3Prescaler                      0x08002e41   Thumb Code    18  stm32f10x_tim.o(.text)
    TIM_SetIC2Prescaler                      0x08002ecd   Thumb Code    26  stm32f10x_tim.o(.text)
    TIM_SetIC1Prescaler                      0x08002f69   Thumb Code    18  stm32f10x_tim.o(.text)
    TIM_ICInit                               0x08002fe7   Thumb Code   150  stm32f10x_tim.o(.text)
    TIM_PWMIConfig                           0x0800307d   Thumb Code   124  stm32f10x_tim.o(.text)
    TIM_BDTRConfig                           0x080030f9   Thumb Code    32  stm32f10x_tim.o(.text)
    TIM_TimeBaseStructInit                   0x08003119   Thumb Code    18  stm32f10x_tim.o(.text)
    TIM_OCStructInit                         0x0800312b   Thumb Code    20  stm32f10x_tim.o(.text)
    TIM_ICStructInit                         0x0800313f   Thumb Code    18  stm32f10x_tim.o(.text)
    TIM_BDTRStructInit                       0x08003151   Thumb Code    40  stm32f10x_tim.o(.text)
    TIM_Cmd                                  0x08003179   Thumb Code    24  stm32f10x_tim.o(.text)
    TIM_CtrlPWMOutputs                       0x08003191   Thumb Code    30  stm32f10x_tim.o(.text)
    TIM_ITConfig                             0x080031af   Thumb Code    18  stm32f10x_tim.o(.text)
    TIM_GenerateEvent                        0x080031c1   Thumb Code     4  stm32f10x_tim.o(.text)
    TIM_DMAConfig                            0x080031c5   Thumb Code    10  stm32f10x_tim.o(.text)
    TIM_DMACmd                               0x080031cf   Thumb Code    18  stm32f10x_tim.o(.text)
    TIM_InternalClockConfig                  0x080031e1   Thumb Code    12  stm32f10x_tim.o(.text)
    TIM_SelectInputTrigger                   0x080031ed   Thumb Code    18  stm32f10x_tim.o(.text)
    TIM_ITRxExternalClockConfig              0x080031ff   Thumb Code    24  stm32f10x_tim.o(.text)
    TIM_TIxExternalClockConfig               0x08003217   Thumb Code    62  stm32f10x_tim.o(.text)
    TIM_ETRConfig                            0x08003255   Thumb Code    28  stm32f10x_tim.o(.text)
    TIM_ETRClockMode1Config                  0x08003271   Thumb Code    54  stm32f10x_tim.o(.text)
    TIM_ETRClockMode2Config                  0x080032a7   Thumb Code    32  stm32f10x_tim.o(.text)
    TIM_PrescalerConfig                      0x080032c7   Thumb Code     6  stm32f10x_tim.o(.text)
    TIM_CounterModeConfig                    0x080032cd   Thumb Code    18  stm32f10x_tim.o(.text)
    TIM_EncoderInterfaceConfig               0x080032df   Thumb Code    66  stm32f10x_tim.o(.text)
    TIM_ForcedOC1Config                      0x08003321   Thumb Code    18  stm32f10x_tim.o(.text)
    TIM_ForcedOC2Config                      0x08003333   Thumb Code    26  stm32f10x_tim.o(.text)
    TIM_ForcedOC3Config                      0x0800334d   Thumb Code    18  stm32f10x_tim.o(.text)
    TIM_ForcedOC4Config                      0x0800335f   Thumb Code    26  stm32f10x_tim.o(.text)
    TIM_ARRPreloadConfig                     0x08003379   Thumb Code    24  stm32f10x_tim.o(.text)
    TIM_SelectCOM                            0x08003391   Thumb Code    24  stm32f10x_tim.o(.text)
    TIM_SelectCCDMA                          0x080033a9   Thumb Code    24  stm32f10x_tim.o(.text)
    TIM_CCPreloadControl                     0x080033c1   Thumb Code    24  stm32f10x_tim.o(.text)
    TIM_OC1PreloadConfig                     0x080033d9   Thumb Code    18  stm32f10x_tim.o(.text)
    TIM_OC2PreloadConfig                     0x080033eb   Thumb Code    26  stm32f10x_tim.o(.text)
    TIM_OC3PreloadConfig                     0x08003405   Thumb Code    18  stm32f10x_tim.o(.text)
    TIM_OC4PreloadConfig                     0x08003417   Thumb Code    26  stm32f10x_tim.o(.text)
    TIM_OC1FastConfig                        0x08003431   Thumb Code    18  stm32f10x_tim.o(.text)
    TIM_OC2FastConfig                        0x08003443   Thumb Code    26  stm32f10x_tim.o(.text)
    TIM_OC3FastConfig                        0x0800345d   Thumb Code    18  stm32f10x_tim.o(.text)
    TIM_OC4FastConfig                        0x0800346f   Thumb Code    26  stm32f10x_tim.o(.text)
    TIM_ClearOC1Ref                          0x08003489   Thumb Code    18  stm32f10x_tim.o(.text)
    TIM_ClearOC2Ref                          0x0800349b   Thumb Code    24  stm32f10x_tim.o(.text)
    TIM_ClearOC3Ref                          0x080034b3   Thumb Code    18  stm32f10x_tim.o(.text)
    TIM_ClearOC4Ref                          0x080034c5   Thumb Code    24  stm32f10x_tim.o(.text)
    TIM_OC1PolarityConfig                    0x080034dd   Thumb Code    18  stm32f10x_tim.o(.text)
    TIM_OC1NPolarityConfig                   0x080034ef   Thumb Code    18  stm32f10x_tim.o(.text)
    TIM_OC2PolarityConfig                    0x08003501   Thumb Code    26  stm32f10x_tim.o(.text)
    TIM_OC2NPolarityConfig                   0x0800351b   Thumb Code    26  stm32f10x_tim.o(.text)
    TIM_OC3PolarityConfig                    0x08003535   Thumb Code    26  stm32f10x_tim.o(.text)
    TIM_OC3NPolarityConfig                   0x0800354f   Thumb Code    26  stm32f10x_tim.o(.text)
    TIM_OC4PolarityConfig                    0x08003569   Thumb Code    26  stm32f10x_tim.o(.text)
    TIM_CCxCmd                               0x08003583   Thumb Code    30  stm32f10x_tim.o(.text)
    TIM_CCxNCmd                              0x080035a1   Thumb Code    30  stm32f10x_tim.o(.text)
    TIM_SelectOCxM                           0x080035bf   Thumb Code    82  stm32f10x_tim.o(.text)
    TIM_UpdateDisableConfig                  0x08003611   Thumb Code    24  stm32f10x_tim.o(.text)
    TIM_UpdateRequestConfig                  0x08003629   Thumb Code    24  stm32f10x_tim.o(.text)
    TIM_SelectHallSensor                     0x08003641   Thumb Code    24  stm32f10x_tim.o(.text)
    TIM_SelectOnePulseMode                   0x08003659   Thumb Code    18  stm32f10x_tim.o(.text)
    TIM_SelectOutputTrigger                  0x0800366b   Thumb Code    18  stm32f10x_tim.o(.text)
    TIM_SelectSlaveMode                      0x0800367d   Thumb Code    18  stm32f10x_tim.o(.text)
    TIM_SelectMasterSlaveMode                0x0800368f   Thumb Code    18  stm32f10x_tim.o(.text)
    TIM_SetCounter                           0x080036a1   Thumb Code     4  stm32f10x_tim.o(.text)
    TIM_SetAutoreload                        0x080036a5   Thumb Code     4  stm32f10x_tim.o(.text)
    TIM_SetCompare1                          0x080036a9   Thumb Code     4  stm32f10x_tim.o(.text)
    TIM_SetCompare2                          0x080036ad   Thumb Code     4  stm32f10x_tim.o(.text)
    TIM_SetCompare3                          0x080036b1   Thumb Code     4  stm32f10x_tim.o(.text)
    TIM_SetCompare4                          0x080036b5   Thumb Code     6  stm32f10x_tim.o(.text)
    TIM_SetClockDivision                     0x080036bb   Thumb Code    18  stm32f10x_tim.o(.text)
    TIM_GetCapture1                          0x080036cd   Thumb Code     6  stm32f10x_tim.o(.text)
    TIM_GetCapture2                          0x080036d3   Thumb Code     6  stm32f10x_tim.o(.text)
    TIM_GetCapture3                          0x080036d9   Thumb Code     6  stm32f10x_tim.o(.text)
    TIM_GetCapture4                          0x080036df   Thumb Code     8  stm32f10x_tim.o(.text)
    TIM_GetCounter                           0x080036e7   Thumb Code     6  stm32f10x_tim.o(.text)
    TIM_GetPrescaler                         0x080036ed   Thumb Code     6  stm32f10x_tim.o(.text)
    TIM_GetFlagStatus                        0x080036f3   Thumb Code    18  stm32f10x_tim.o(.text)
    TIM_ClearFlag                            0x08003705   Thumb Code     6  stm32f10x_tim.o(.text)
    TIM_GetITStatus                          0x0800370b   Thumb Code    34  stm32f10x_tim.o(.text)
    TIM_ClearITPendingBit                    0x0800372d   Thumb Code     6  stm32f10x_tim.o(.text)
    USART_DeInit                             0x08003735   Thumb Code   134  stm32f10x_usart.o(.text)
    USART_Init                               0x080037bb   Thumb Code   210  stm32f10x_usart.o(.text)
    USART_StructInit                         0x0800388d   Thumb Code    24  stm32f10x_usart.o(.text)
    USART_ClockInit                          0x080038a5   Thumb Code    34  stm32f10x_usart.o(.text)
    USART_ClockStructInit                    0x080038c7   Thumb Code    12  stm32f10x_usart.o(.text)
    USART_Cmd                                0x080038d3   Thumb Code    24  stm32f10x_usart.o(.text)
    USART_ITConfig                           0x080038eb   Thumb Code    74  stm32f10x_usart.o(.text)
    USART_DMACmd                             0x08003935   Thumb Code    18  stm32f10x_usart.o(.text)
    USART_SetAddress                         0x08003947   Thumb Code    18  stm32f10x_usart.o(.text)
    USART_WakeUpConfig                       0x08003959   Thumb Code    18  stm32f10x_usart.o(.text)
    USART_ReceiverWakeUpCmd                  0x0800396b   Thumb Code    24  stm32f10x_usart.o(.text)
    USART_LINBreakDetectLengthConfig         0x08003983   Thumb Code    18  stm32f10x_usart.o(.text)
    USART_LINCmd                             0x08003995   Thumb Code    24  stm32f10x_usart.o(.text)
    USART_SendData                           0x080039ad   Thumb Code     8  stm32f10x_usart.o(.text)
    USART_ReceiveData                        0x080039b5   Thumb Code    10  stm32f10x_usart.o(.text)
    USART_SendBreak                          0x080039bf   Thumb Code    10  stm32f10x_usart.o(.text)
    USART_SetGuardTime                       0x080039c9   Thumb Code    16  stm32f10x_usart.o(.text)
    USART_SetPrescaler                       0x080039d9   Thumb Code    16  stm32f10x_usart.o(.text)
    USART_SmartCardCmd                       0x080039e9   Thumb Code    24  stm32f10x_usart.o(.text)
    USART_SmartCardNACKCmd                   0x08003a01   Thumb Code    24  stm32f10x_usart.o(.text)
    USART_HalfDuplexCmd                      0x08003a19   Thumb Code    24  stm32f10x_usart.o(.text)
    USART_OverSampling8Cmd                   0x08003a31   Thumb Code    22  stm32f10x_usart.o(.text)
    USART_OneBitMethodCmd                    0x08003a47   Thumb Code    24  stm32f10x_usart.o(.text)
    USART_IrDAConfig                         0x08003a5f   Thumb Code    18  stm32f10x_usart.o(.text)
    USART_IrDACmd                            0x08003a71   Thumb Code    24  stm32f10x_usart.o(.text)
    USART_GetFlagStatus                      0x08003a89   Thumb Code    26  stm32f10x_usart.o(.text)
    USART_ClearFlag                          0x08003aa3   Thumb Code    18  stm32f10x_usart.o(.text)
    USART_GetITStatus                        0x08003ab5   Thumb Code    84  stm32f10x_usart.o(.text)
    USART_ClearITPendingBit                  0x08003b09   Thumb Code    52  stm32f10x_usart.o(.text)
    ADC_DeInit                               0x08003b3d   Thumb Code    78  stm32f10x_adc.o(.text)
    ADC_Init                                 0x08003b8b   Thumb Code    70  stm32f10x_adc.o(.text)
    ADC_StructInit                           0x08003bd1   Thumb Code    18  stm32f10x_adc.o(.text)
    ADC_Cmd                                  0x08003be3   Thumb Code    22  stm32f10x_adc.o(.text)
    ADC_DMACmd                               0x08003bf9   Thumb Code    22  stm32f10x_adc.o(.text)
    ADC_ITConfig                             0x08003c0f   Thumb Code    24  stm32f10x_adc.o(.text)
    ADC_ResetCalibration                     0x08003c27   Thumb Code    10  stm32f10x_adc.o(.text)
    ADC_GetResetCalibrationStatus            0x08003c31   Thumb Code    20  stm32f10x_adc.o(.text)
    ADC_StartCalibration                     0x08003c45   Thumb Code    10  stm32f10x_adc.o(.text)
    ADC_GetCalibrationStatus                 0x08003c4f   Thumb Code    20  stm32f10x_adc.o(.text)
    ADC_SoftwareStartConvCmd                 0x08003c63   Thumb Code    22  stm32f10x_adc.o(.text)
    ADC_GetSoftwareStartConvStatus           0x08003c79   Thumb Code    20  stm32f10x_adc.o(.text)
    ADC_DiscModeChannelCountConfig           0x08003c8d   Thumb Code    24  stm32f10x_adc.o(.text)
    ADC_DiscModeCmd                          0x08003ca5   Thumb Code    22  stm32f10x_adc.o(.text)
    ADC_RegularChannelConfig                 0x08003cbb   Thumb Code   184  stm32f10x_adc.o(.text)
    ADC_ExternalTrigConvCmd                  0x08003d73   Thumb Code    22  stm32f10x_adc.o(.text)
    ADC_GetConversionValue                   0x08003d89   Thumb Code     8  stm32f10x_adc.o(.text)
    ADC_GetDualModeConversionValue           0x08003d91   Thumb Code     8  stm32f10x_adc.o(.text)
    ADC_AutoInjectedConvCmd                  0x08003d99   Thumb Code    22  stm32f10x_adc.o(.text)
    ADC_InjectedDiscModeCmd                  0x08003daf   Thumb Code    22  stm32f10x_adc.o(.text)
    ADC_ExternalTrigInjectedConvConfig       0x08003dc5   Thumb Code    16  stm32f10x_adc.o(.text)
    ADC_ExternalTrigInjectedConvCmd          0x08003dd5   Thumb Code    22  stm32f10x_adc.o(.text)
    ADC_SoftwareStartInjectedConvCmd         0x08003deb   Thumb Code    22  stm32f10x_adc.o(.text)
    ADC_GetSoftwareStartInjectedConvCmdStatus 0x08003e01   Thumb Code    20  stm32f10x_adc.o(.text)
    ADC_InjectedChannelConfig                0x08003e15   Thumb Code   130  stm32f10x_adc.o(.text)
    ADC_InjectedSequencerLengthConfig        0x08003e97   Thumb Code    24  stm32f10x_adc.o(.text)
    ADC_SetInjectedOffset                    0x08003eaf   Thumb Code    20  stm32f10x_adc.o(.text)
    ADC_GetInjectedConversionValue           0x08003ec3   Thumb Code    28  stm32f10x_adc.o(.text)
    ADC_AnalogWatchdogCmd                    0x08003edf   Thumb Code    16  stm32f10x_adc.o(.text)
    ADC_AnalogWatchdogThresholdsConfig       0x08003eef   Thumb Code     6  stm32f10x_adc.o(.text)
    ADC_AnalogWatchdogSingleChannelConfig    0x08003ef5   Thumb Code    16  stm32f10x_adc.o(.text)
    ADC_TempSensorVrefintCmd                 0x08003f05   Thumb Code    64  stm32f10x_adc.o(.text)
    ADC_GetFlagStatus                        0x08003f45   Thumb Code    18  stm32f10x_adc.o(.text)
    ADC_ClearFlag                            0x08003f57   Thumb Code     6  stm32f10x_adc.o(.text)
    ADC_GetITStatus                          0x08003f5d   Thumb Code    36  stm32f10x_adc.o(.text)
    ADC_ClearITPendingBit                    0x08003f81   Thumb Code    10  stm32f10x_adc.o(.text)
    FLASH_SetLatency                         0x08003f8d   Thumb Code    18  stm32f10x_flash.o(.text)
    FLASH_HalfCycleAccessCmd                 0x08003f9f   Thumb Code    22  stm32f10x_flash.o(.text)
    FLASH_PrefetchBufferCmd                  0x08003fb5   Thumb Code    22  stm32f10x_flash.o(.text)
    FLASH_Unlock                             0x08003fcb   Thumb Code    12  stm32f10x_flash.o(.text)
    FLASH_UnlockBank1                        0x08003fd7   Thumb Code    12  stm32f10x_flash.o(.text)
    FLASH_Lock                               0x08003fe3   Thumb Code    14  stm32f10x_flash.o(.text)
    FLASH_LockBank1                          0x08003ff1   Thumb Code    14  stm32f10x_flash.o(.text)
    FLASH_GetBank1Status                     0x08003fff   Thumb Code    48  stm32f10x_flash.o(.text)
    FLASH_WaitForLastOperation               0x0800402f   Thumb Code    38  stm32f10x_flash.o(.text)
    FLASH_ErasePage                          0x08004055   Thumb Code    72  stm32f10x_flash.o(.text)
    FLASH_EraseAllPages                      0x0800409d   Thumb Code    68  stm32f10x_flash.o(.text)
    FLASH_WaitForLastBank1Operation          0x080040e1   Thumb Code    38  stm32f10x_flash.o(.text)
    FLASH_EraseAllBank1Pages                 0x08004107   Thumb Code    68  stm32f10x_flash.o(.text)
    FLASH_GetReadOutProtectionStatus         0x0800414b   Thumb Code    20  stm32f10x_flash.o(.text)
    FLASH_EraseOptionBytes                   0x0800415f   Thumb Code   150  stm32f10x_flash.o(.text)
    FLASH_ProgramWord                        0x080041f5   Thumb Code   102  stm32f10x_flash.o(.text)
    FLASH_ProgramHalfWord                    0x0800425b   Thumb Code    60  stm32f10x_flash.o(.text)
    FLASH_ProgramOptionByteData              0x08004297   Thumb Code    72  stm32f10x_flash.o(.text)
    FLASH_EnableWriteProtection              0x080042df   Thumb Code   200  stm32f10x_flash.o(.text)
    FLASH_ReadOutProtection                  0x080043a7   Thumb Code   156  stm32f10x_flash.o(.text)
    FLASH_UserOptionByteConfig               0x08004443   Thumb Code    88  stm32f10x_flash.o(.text)
    FLASH_GetUserOptionByte                  0x0800449b   Thumb Code     8  stm32f10x_flash.o(.text)
    FLASH_GetWriteProtectionOptionByte       0x080044a3   Thumb Code     6  stm32f10x_flash.o(.text)
    FLASH_GetPrefetchBufferStatus            0x080044a9   Thumb Code    20  stm32f10x_flash.o(.text)
    FLASH_ITConfig                           0x080044bd   Thumb Code    26  stm32f10x_flash.o(.text)
    FLASH_GetFlagStatus                      0x080044d7   Thumb Code    42  stm32f10x_flash.o(.text)
    FLASH_ClearFlag                          0x08004501   Thumb Code     6  stm32f10x_flash.o(.text)
    FLASH_GetStatus                          0x08004507   Thumb Code    48  stm32f10x_flash.o(.text)
    __use_no_semihosting                     0x08004549   Thumb Code     2  use_no_semi_2.o(.text)
    __aeabi_memclr4                          0x0800454b   Thumb Code     0  rt_memclr_w.o(.text)
    __aeabi_memclr8                          0x0800454b   Thumb Code     0  rt_memclr_w.o(.text)
    __rt_memclr_w                            0x0800454b   Thumb Code    78  rt_memclr_w.o(.text)
    _memset_w                                0x0800454f   Thumb Code     0  rt_memclr_w.o(.text)
    __use_two_region_memory                  0x08004599   Thumb Code     2  heapauxi.o(.text)
    __rt_heap_escrow$2region                 0x0800459b   Thumb Code     2  heapauxi.o(.text)
    __rt_heap_expand$2region                 0x0800459d   Thumb Code     2  heapauxi.o(.text)
    __I$use$semihosting                      0x0800459f   Thumb Code     0  use_no_semi.o(.text)
    __use_no_semihosting_swi                 0x0800459f   Thumb Code     2  use_no_semi.o(.text)
    __user_setup_stackheap                   0x080045a1   Thumb Code    74  sys_stackheap_outer.o(.text)
    exit                                     0x080045eb   Thumb Code    12  exit.o(.text)
    __user_libspace                          0x080045f9   Thumb Code     8  libspace.o(.text)
    __user_perproc_libspace                  0x080045f9   Thumb Code     0  libspace.o(.text)
    __user_perthread_libspace                0x080045f9   Thumb Code     0  libspace.o(.text)
    __aeabi_d2f                              0x08004601   Thumb Code     0  d2f.o(x$fpl$d2f)
    _d2f                                     0x08004601   Thumb Code    98  d2f.o(x$fpl$d2f)
    __aeabi_dadd                             0x08004665   Thumb Code     0  daddsub_clz.o(x$fpl$dadd)
    _dadd                                    0x08004665   Thumb Code   332  daddsub_clz.o(x$fpl$dadd)
    __aeabi_dmul                             0x080047b5   Thumb Code     0  dmul.o(x$fpl$dmul)
    _dmul                                    0x080047b5   Thumb Code   332  dmul.o(x$fpl$dmul)
    __fpl_dnaninf                            0x08004909   Thumb Code   156  dnaninf.o(x$fpl$dnaninf)
    __fpl_dretinf                            0x080049a5   Thumb Code    12  dretinf.o(x$fpl$dretinf)
    __aeabi_dsub                             0x080049b1   Thumb Code     0  daddsub_clz.o(x$fpl$dsub)
    _dsub                                    0x080049b1   Thumb Code   464  daddsub_clz.o(x$fpl$dsub)
    __aeabi_f2d                              0x08004b85   Thumb Code     0  f2d.o(x$fpl$f2d)
    _f2d                                     0x08004b85   Thumb Code    86  f2d.o(x$fpl$f2d)
    __aeabi_fdiv                             0x08004bdd   Thumb Code     0  fdiv.o(x$fpl$fdiv)
    _fdiv                                    0x08004bdd   Thumb Code   384  fdiv.o(x$fpl$fdiv)
    __aeabi_f2iz                             0x08004d61   Thumb Code     0  ffix.o(x$fpl$ffix)
    _ffix                                    0x08004d61   Thumb Code    54  ffix.o(x$fpl$ffix)
    __aeabi_ui2f                             0x08004d99   Thumb Code     0  fflt_clz.o(x$fpl$ffltu)
    _ffltu                                   0x08004d99   Thumb Code    38  fflt_clz.o(x$fpl$ffltu)
    __aeabi_fmul                             0x08004dc1   Thumb Code     0  fmul.o(x$fpl$fmul)
    _fmul                                    0x08004dc1   Thumb Code   258  fmul.o(x$fpl$fmul)
    __fpl_fnaninf                            0x08004ec3   Thumb Code   140  fnaninf.o(x$fpl$fnaninf)
    __fpl_fretinf                            0x08004f4f   Thumb Code    10  fretinf.o(x$fpl$fretinf)
    Region$$Table$$Base                      0x08004f58   Number         0  anon$$obj.o(Region$$Table)
    __I$use$fp                               0x08004f58   Number         0  usenofp.o(x$fpl$usenofp)
    Region$$Table$$Limit                     0x08004f78   Number         0  anon$$obj.o(Region$$Table)
    SystemCoreClock                          0x20000004   Data           4  system_stm32f10x.o(.data)
    AHBPrescTable                            0x20000008   Data          16  system_stm32f10x.o(.data)
    USART_RX_STA                             0x20000020   Data           2  usart.o(.data)
    Receive_Len                              0x20000022   Data           1  usart.o(.data)
    g_system_mode                            0x20000023   Data           1  usart.o(.data)
    g_system_scale                           0x20000024   Data           1  usart.o(.data)
    W_LED_PWM_FREQUENCY                      0x20000026   Data           2  usart.o(.data)
    RGB_LED_PWM_FREQUENCY                    0x20000028   Data           2  usart.o(.data)
    W_LED_PWM_SCALE                          0x2000002a   Data           1  usart.o(.data)
    W_LED_PWM_SCALE1                         0x2000002b   Data           1  usart.o(.data)
    W_LED_PWM_SCALE2                         0x2000002c   Data           1  usart.o(.data)
    W_LED_PWM_SCALE3                         0x2000002d   Data           1  usart.o(.data)
    W_LED_PWM_SCALE4                         0x2000002e   Data           1  usart.o(.data)
    W_LED_PWM_SCALE5                         0x2000002f   Data           1  usart.o(.data)
    W_LED_PWM_SCALE6                         0x20000030   Data           1  usart.o(.data)
    R_LED_PWM_SCALE                          0x20000031   Data           1  usart.o(.data)
    R_LED_PWM_SCALE1                         0x20000032   Data           1  usart.o(.data)
    R_LED_PWM_SCALE2                         0x20000033   Data           1  usart.o(.data)
    R_LED_PWM_SCALE3                         0x20000034   Data           1  usart.o(.data)
    R_LED_PWM_SCALE4                         0x20000035   Data           1  usart.o(.data)
    R_LED_PWM_SCALE5                         0x20000036   Data           1  usart.o(.data)
    R_LED_PWM_SCALE6                         0x20000037   Data           1  usart.o(.data)
    G_LED_PWM_SCALE                          0x20000038   Data           1  usart.o(.data)
    G_LED_PWM_SCALE1                         0x20000039   Data           1  usart.o(.data)
    G_LED_PWM_SCALE2                         0x2000003a   Data           1  usart.o(.data)
    G_LED_PWM_SCALE3                         0x2000003b   Data           1  usart.o(.data)
    G_LED_PWM_SCALE4                         0x2000003c   Data           1  usart.o(.data)
    G_LED_PWM_SCALE5                         0x2000003d   Data           1  usart.o(.data)
    G_LED_PWM_SCALE6                         0x2000003e   Data           1  usart.o(.data)
    B_LED_PWM_SCALE                          0x2000003f   Data           1  usart.o(.data)
    B_LED_PWM_SCALE1                         0x20000040   Data           1  usart.o(.data)
    B_LED_PWM_SCALE2                         0x20000041   Data           1  usart.o(.data)
    B_LED_PWM_SCALE3                         0x20000042   Data           1  usart.o(.data)
    B_LED_PWM_SCALE4                         0x20000043   Data           1  usart.o(.data)
    B_LED_PWM_SCALE5                         0x20000044   Data           1  usart.o(.data)
    B_LED_PWM_SCALE6                         0x20000045   Data           1  usart.o(.data)
    TEMP_LOW                                 0x20000048   Data           4  usart.o(.data)
    TEMP_MID                                 0x2000004c   Data           4  usart.o(.data)
    TEMP_LOW_PWM                             0x20000050   Data           1  usart.o(.data)
    TEMP_MID_PWM                             0x20000051   Data           1  usart.o(.data)
    TEMP_LOW_PREPWM                          0x20000052   Data           1  usart.o(.data)
    PRE_TIMES                                0x20000054   Data           2  usart.o(.data)
    g_heating_time                           0x20000056   Data           2  usart.o(.data)
    g_realtime_temp                          0x20000058   Data           4  usart.o(.data)
    __stdout                                 0x2000005c   Data           4  usart.o(.data)
    STMFLASH_BUF                             0x20000074   Data        2048  stmflash.o(.bss)
    USART_RX_BUF                             0x20000874   Data         256  usart.o(.bss)
    __libspace_start                         0x20000974   Data          96  libspace.o(.bss)
    __temporary_stack_top$libspace           0x200009d4   Data           0  libspace.o(.bss)



==============================================================================

Memory Map of the image

  Image Entry point : 0x080000ed

  Load Region LR_IROM1 (Base: 0x08000000, Size: 0x00004fec, Max: 0x00020000, ABSOLUTE)

    Execution Region ER_IROM1 (Base: 0x08000000, Size: 0x00004f78, Max: 0x00020000, ABSOLUTE)

    Base Addr    Size         Type   Attr      Idx    E Section Name        Object

    0x08000000   0x000000ec   Data   RO          321    RESET               startup_stm32f10x_md.o
    0x080000ec   0x00000008   Code   RO          420  * !!!main             c_w.l(__main.o)
    0x080000f4   0x00000034   Code   RO          611    !!!scatter          c_w.l(__scatter.o)
    0x08000128   0x0000001a   Code   RO          613    !!handler_copy      c_w.l(__scatter_copy.o)
    0x08000142   0x00000002   PAD
    0x08000144   0x0000001c   Code   RO          615    !!handler_zi        c_w.l(__scatter_zi.o)
    0x08000160   0x00000002   Code   RO          486    .ARM.Collect$$libinit$$00000000  c_w.l(libinit.o)
    0x08000162   0x00000000   Code   RO          493    .ARM.Collect$$libinit$$00000002  c_w.l(libinit2.o)
    0x08000162   0x00000000   Code   RO          495    .ARM.Collect$$libinit$$00000004  c_w.l(libinit2.o)
    0x08000162   0x00000000   Code   RO          498    .ARM.Collect$$libinit$$0000000A  c_w.l(libinit2.o)
    0x08000162   0x00000000   Code   RO          500    .ARM.Collect$$libinit$$0000000C  c_w.l(libinit2.o)
    0x08000162   0x00000000   Code   RO          502    .ARM.Collect$$libinit$$0000000E  c_w.l(libinit2.o)
    0x08000162   0x00000000   Code   RO          505    .ARM.Collect$$libinit$$00000011  c_w.l(libinit2.o)
    0x08000162   0x00000000   Code   RO          507    .ARM.Collect$$libinit$$00000013  c_w.l(libinit2.o)
    0x08000162   0x00000000   Code   RO          509    .ARM.Collect$$libinit$$00000015  c_w.l(libinit2.o)
    0x08000162   0x00000000   Code   RO          511    .ARM.Collect$$libinit$$00000017  c_w.l(libinit2.o)
    0x08000162   0x00000000   Code   RO          513    .ARM.Collect$$libinit$$00000019  c_w.l(libinit2.o)
    0x08000162   0x00000000   Code   RO          515    .ARM.Collect$$libinit$$0000001B  c_w.l(libinit2.o)
    0x08000162   0x00000000   Code   RO          517    .ARM.Collect$$libinit$$0000001D  c_w.l(libinit2.o)
    0x08000162   0x00000000   Code   RO          519    .ARM.Collect$$libinit$$0000001F  c_w.l(libinit2.o)
    0x08000162   0x00000000   Code   RO          521    .ARM.Collect$$libinit$$00000021  c_w.l(libinit2.o)
    0x08000162   0x00000000   Code   RO          523    .ARM.Collect$$libinit$$00000023  c_w.l(libinit2.o)
    0x08000162   0x00000000   Code   RO          525    .ARM.Collect$$libinit$$00000025  c_w.l(libinit2.o)
    0x08000162   0x00000000   Code   RO          529    .ARM.Collect$$libinit$$0000002C  c_w.l(libinit2.o)
    0x08000162   0x00000000   Code   RO          531    .ARM.Collect$$libinit$$0000002E  c_w.l(libinit2.o)
    0x08000162   0x00000000   Code   RO          533    .ARM.Collect$$libinit$$00000030  c_w.l(libinit2.o)
    0x08000162   0x00000000   Code   RO          535    .ARM.Collect$$libinit$$00000032  c_w.l(libinit2.o)
    0x08000162   0x00000002   Code   RO          536    .ARM.Collect$$libinit$$00000033  c_w.l(libinit2.o)
    0x08000164   0x00000002   Code   RO          554    .ARM.Collect$$libshutdown$$00000000  c_w.l(libshutdown.o)
    0x08000166   0x00000000   Code   RO          565    .ARM.Collect$$libshutdown$$00000003  c_w.l(libshutdown2.o)
    0x08000166   0x00000000   Code   RO          568    .ARM.Collect$$libshutdown$$00000006  c_w.l(libshutdown2.o)
    0x08000166   0x00000000   Code   RO          571    .ARM.Collect$$libshutdown$$00000009  c_w.l(libshutdown2.o)
    0x08000166   0x00000000   Code   RO          573    .ARM.Collect$$libshutdown$$0000000B  c_w.l(libshutdown2.o)
    0x08000166   0x00000000   Code   RO          576    .ARM.Collect$$libshutdown$$0000000E  c_w.l(libshutdown2.o)
    0x08000166   0x00000002   Code   RO          577    .ARM.Collect$$libshutdown$$0000000F  c_w.l(libshutdown2.o)
    0x08000168   0x00000000   Code   RO          452    .ARM.Collect$$rtentry$$00000000  c_w.l(__rtentry.o)
    0x08000168   0x00000000   Code   RO          463    .ARM.Collect$$rtentry$$00000002  c_w.l(__rtentry2.o)
    0x08000168   0x00000006   Code   RO          475    .ARM.Collect$$rtentry$$00000004  c_w.l(__rtentry4.o)
    0x0800016e   0x00000000   Code   RO          465    .ARM.Collect$$rtentry$$00000009  c_w.l(__rtentry2.o)
    0x0800016e   0x00000004   Code   RO          466    .ARM.Collect$$rtentry$$0000000A  c_w.l(__rtentry2.o)
    0x08000172   0x00000000   Code   RO          468    .ARM.Collect$$rtentry$$0000000C  c_w.l(__rtentry2.o)
    0x08000172   0x00000008   Code   RO          469    .ARM.Collect$$rtentry$$0000000D  c_w.l(__rtentry2.o)
    0x0800017a   0x00000002   Code   RO          490    .ARM.Collect$$rtexit$$00000000  c_w.l(rtexit.o)
    0x0800017c   0x00000000   Code   RO          538    .ARM.Collect$$rtexit$$00000002  c_w.l(rtexit2.o)
    0x0800017c   0x00000004   Code   RO          539    .ARM.Collect$$rtexit$$00000003  c_w.l(rtexit2.o)
    0x08000180   0x00000006   Code   RO          540    .ARM.Collect$$rtexit$$00000004  c_w.l(rtexit2.o)
    0x08000186   0x00000002   PAD
    0x08000188   0x000002e8   Code   RO            1    .text               main.o
    0x08000470   0x0000001a   Code   RO          131    .text               stm32f10x_it.o
    0x0800048a   0x00000002   PAD
    0x0800048c   0x000001e0   Code   RO          172    .text               system_stm32f10x.o
    0x0800066c   0x00000044   Code   RO          190    .text               led.o
    0x080006b0   0x0000002c   Code   RO          202    .text               key.o
    0x080006dc   0x00000368   Code   RO          214    .text               timer.o
    0x08000a44   0x00000180   Code   RO          228    .text               adc.o
    0x08000bc4   0x00000138   Code   RO          240    .text               stmflash.o
    0x08000cfc   0x000000d4   Code   RO          258    .text               delay.o
    0x08000dd0   0x0000132c   Code   RO          289    .text               usart.o
    0x080020fc   0x00000040   Code   RO          322    .text               startup_stm32f10x_md.o
    0x0800213c   0x000000dc   Code   RO          326    .text               misc.o
    0x08002218   0x0000035c   Code   RO          338    .text               stm32f10x_gpio.o
    0x08002574   0x000003a4   Code   RO          350    .text               stm32f10x_rcc.o
    0x08002918   0x00000e1a   Code   RO          364    .text               stm32f10x_tim.o
    0x08003732   0x00000002   PAD
    0x08003734   0x00000408   Code   RO          376    .text               stm32f10x_usart.o
    0x08003b3c   0x0000044e   Code   RO          388    .text               stm32f10x_adc.o
    0x08003f8a   0x00000002   PAD
    0x08003f8c   0x000005bc   Code   RO          400    .text               stm32f10x_flash.o
    0x08004548   0x00000002   Code   RO          414    .text               c_w.l(use_no_semi_2.o)
    0x0800454a   0x0000004e   Code   RO          416    .text               c_w.l(rt_memclr_w.o)
    0x08004598   0x00000006   Code   RO          418    .text               c_w.l(heapauxi.o)
    0x0800459e   0x00000002   Code   RO          450    .text               c_w.l(use_no_semi.o)
    0x080045a0   0x0000004a   Code   RO          477    .text               c_w.l(sys_stackheap_outer.o)
    0x080045ea   0x0000000c   Code   RO          479    .text               c_w.l(exit.o)
    0x080045f6   0x00000002   PAD
    0x080045f8   0x00000008   Code   RO          487    .text               c_w.l(libspace.o)
    0x08004600   0x00000062   Code   RO          422    x$fpl$d2f           fz_ws.l(d2f.o)
    0x08004662   0x00000002   PAD
    0x08004664   0x00000150   Code   RO          424    x$fpl$dadd          fz_ws.l(daddsub_clz.o)
    0x080047b4   0x00000154   Code   RO          430    x$fpl$dmul          fz_ws.l(dmul.o)
    0x08004908   0x0000009c   Code   RO          453    x$fpl$dnaninf       fz_ws.l(dnaninf.o)
    0x080049a4   0x0000000c   Code   RO          455    x$fpl$dretinf       fz_ws.l(dretinf.o)
    0x080049b0   0x000001d4   Code   RO          426    x$fpl$dsub          fz_ws.l(daddsub_clz.o)
    0x08004b84   0x00000056   Code   RO          432    x$fpl$f2d           fz_ws.l(f2d.o)
    0x08004bda   0x00000002   PAD
    0x08004bdc   0x00000184   Code   RO          435    x$fpl$fdiv          fz_ws.l(fdiv.o)
    0x08004d60   0x00000036   Code   RO          438    x$fpl$ffix          fz_ws.l(ffix.o)
    0x08004d96   0x00000002   PAD
    0x08004d98   0x00000026   Code   RO          442    x$fpl$ffltu         fz_ws.l(fflt_clz.o)
    0x08004dbe   0x00000002   PAD
    0x08004dc0   0x00000102   Code   RO          448    x$fpl$fmul          fz_ws.l(fmul.o)
    0x08004ec2   0x0000008c   Code   RO          457    x$fpl$fnaninf       fz_ws.l(fnaninf.o)
    0x08004f4e   0x0000000a   Code   RO          459    x$fpl$fretinf       fz_ws.l(fretinf.o)
    0x08004f58   0x00000000   Code   RO          461    x$fpl$usenofp       fz_ws.l(usenofp.o)
    0x08004f58   0x00000020   Data   RO          609    Region$$Table       anon$$obj.o


    Execution Region RW_IRAM1 (Base: 0x20000000, Size: 0x00000fd8, Max: 0x00005000, ABSOLUTE)

    Base Addr    Size         Type   Attr      Idx    E Section Name        Object

    0x20000000   0x00000004   Data   RW            2    .data               main.o
    0x20000004   0x00000014   Data   RW          173    .data               system_stm32f10x.o
    0x20000018   0x00000001   Data   RW          215    .data               timer.o
    0x20000019   0x00000001   PAD
    0x2000001a   0x00000004   Data   RW          259    .data               delay.o
    0x2000001e   0x00000002   PAD
    0x20000020   0x00000040   Data   RW          291    .data               usart.o
    0x20000060   0x00000014   Data   RW          351    .data               stm32f10x_rcc.o
    0x20000074   0x00000800   Zero   RW          241    .bss                stmflash.o
    0x20000874   0x00000100   Zero   RW          290    .bss                usart.o
    0x20000974   0x00000060   Zero   RW          488    .bss                c_w.l(libspace.o)
    0x200009d4   0x00000004   PAD
    0x200009d8   0x00000200   Zero   RW          320    HEAP                startup_stm32f10x_md.o
    0x20000bd8   0x00000400   Zero   RW          319    STACK               startup_stm32f10x_md.o


==============================================================================

Image component sizes


      Code (inc. data)   RO Data    RW Data    ZI Data      Debug   Object Name

       384         24          0          0          0       1500   adc.o
       212         18          0          4          0       1071   delay.o
        44          4          0          0          0        511   key.o
        68          4          0          0          0        659   led.o
       744        140          0          4          0     268271   main.o
       220         22          0          0          0       1849   misc.o
        64         26        236          0       1536        808   startup_stm32f10x_md.o
      1102         26          0          0          0      10881   stm32f10x_adc.o
      1468         34          0          0          0       8082   stm32f10x_flash.o
       860         38          0          0          0       5693   stm32f10x_gpio.o
        26          0          0          0          0       1206   stm32f10x_it.o
       932         36          0         20          0       8888   stm32f10x_rcc.o
      3610         88          0          0          0      22176   stm32f10x_tim.o
      1032         22          0          0          0       8420   stm32f10x_usart.o
       312         14          0          0       2048       2800   stmflash.o
         0          0          0          0          0         32   sys.o
       480         38          0         20          0       1815   system_stm32f10x.o
       872         60          0          1          0       2352   timer.o
      4908        602          0         64        256      11285   usart.o

    ----------------------------------------------------------------------
     17344       1196        268        116       3840     358299   Object Totals
         0          0         32          0          0          0   (incl. Generated)
         6          0          0          3          0          0   (incl. Padding)

    ----------------------------------------------------------------------

      Code (inc. data)   RO Data    RW Data    ZI Data      Debug   Library Member Name

         8          0          0          0          0         68   __main.o
         0          0          0          0          0          0   __rtentry.o
        12          0          0          0          0          0   __rtentry2.o
         6          0          0          0          0          0   __rtentry4.o
        52          8          0          0          0          0   __scatter.o
        26          0          0          0          0          0   __scatter_copy.o
        28          0          0          0          0          0   __scatter_zi.o
        12          0          0          0          0         72   exit.o
         6          0          0          0          0        152   heapauxi.o
         2          0          0          0          0          0   libinit.o
         2          0          0          0          0          0   libinit2.o
         2          0          0          0          0          0   libshutdown.o
         2          0          0          0          0          0   libshutdown2.o
         8          4          0          0         96         68   libspace.o
        78          0          0          0          0         80   rt_memclr_w.o
         2          0          0          0          0          0   rtexit.o
        10          0          0          0          0          0   rtexit2.o
        74          0          0          0          0         80   sys_stackheap_outer.o
         2          0          0          0          0         68   use_no_semi.o
         2          0          0          0          0         68   use_no_semi_2.o
        98          4          0          0          0         92   d2f.o
       804         16          0          0          0        272   daddsub_clz.o
       340         12          0          0          0        104   dmul.o
       156          4          0          0          0         92   dnaninf.o
        12          0          0          0          0         68   dretinf.o
        86          4          0          0          0         84   f2d.o
       388         76          0          0          0         96   fdiv.o
        54          4          0          0          0         84   ffix.o
        38          0          0          0          0         68   fflt_clz.o
       258          4          0          0          0         84   fmul.o
       140          4          0          0          0         84   fnaninf.o
        10          0          0          0          0         68   fretinf.o
         0          0          0          0          0          0   usenofp.o

    ----------------------------------------------------------------------
      2732        140          0          0        100       1852   Library Totals
        14          0          0          0          4          0   (incl. Padding)

    ----------------------------------------------------------------------

      Code (inc. data)   RO Data    RW Data    ZI Data      Debug   Library Name

       334         12          0          0         96        656   c_w.l
      2384        128          0          0          0       1196   fz_ws.l

    ----------------------------------------------------------------------
      2732        140          0          0        100       1852   Library Totals

    ----------------------------------------------------------------------

==============================================================================


      Code (inc. data)   RO Data    RW Data    ZI Data      Debug   

     20076       1336        268        116       3940     357703   Grand Totals
     20076       1336        268        116       3940     357703   ELF Image Totals
     20076       1336        268        116          0          0   ROM Totals

==============================================================================

    Total RO  Size (Code + RO Data)                20344 (  19.87kB)
    Total RW  Size (RW Data + ZI Data)              4056 (   3.96kB)
    Total ROM Size (Code + RO Data + RW Data)      20460 (  19.98kB)

==============================================================================

